Archive member included to satisfy reference by file (symbol)

C:/ST/STM32CubeIDE_2.2.0/STM32CubeIDE/plugins/com.st.stm32cube.ide.mcu.externaltools.gnu-tools-for-stm32.14.3.rel1.win32_1.0.100.202602081740/tools/bin/../lib/gcc/arm-none-eabi/14.3.1/../../../../arm-none-eabi/lib/thumb/v7e-m+fp/hard\libc_nano.a(libc_a-exit.o)
                              C:/ST/STM32CubeIDE_2.2.0/STM32CubeIDE/plugins/com.st.stm32cube.ide.mcu.externaltools.gnu-tools-for-stm32.14.3.rel1.win32_1.0.100.202602081740/tools/bin/../lib/gcc/arm-none-eabi/14.3.1/../../../../arm-none-eabi/lib/thumb/v7e-m+fp/hard/crt0.o (exit)
C:/ST/STM32CubeIDE_2.2.0/STM32CubeIDE/plugins/com.st.stm32cube.ide.mcu.externaltools.gnu-tools-for-stm32.14.3.rel1.win32_1.0.100.202602081740/tools/bin/../lib/gcc/arm-none-eabi/14.3.1/../../../../arm-none-eabi/lib/thumb/v7e-m+fp/hard\libc_nano.a(libc_a-findfp.o)
                              C:/ST/STM32CubeIDE_2.2.0/STM32CubeIDE/plugins/com.st.stm32cube.ide.mcu.externaltools.gnu-tools-for-stm32.14.3.rel1.win32_1.0.100.202602081740/tools/bin/../lib/gcc/arm-none-eabi/14.3.1/../../../../arm-none-eabi/lib/thumb/v7e-m+fp/hard\libc_nano.a(libc_a-exit.o) (__stdio_exit_handler)
C:/ST/STM32CubeIDE_2.2.0/STM32CubeIDE/plugins/com.st.stm32cube.ide.mcu.externaltools.gnu-tools-for-stm32.14.3.rel1.win32_1.0.100.202602081740/tools/bin/../lib/gcc/arm-none-eabi/14.3.1/../../../../arm-none-eabi/lib/thumb/v7e-m+fp/hard\libc_nano.a(libc_a-fwalk.o)
                              C:/ST/STM32CubeIDE_2.2.0/STM32CubeIDE/plugins/com.st.stm32cube.ide.mcu.externaltools.gnu-tools-for-stm32.14.3.rel1.win32_1.0.100.202602081740/tools/bin/../lib/gcc/arm-none-eabi/14.3.1/../../../../arm-none-eabi/lib/thumb/v7e-m+fp/hard\libc_nano.a(libc_a-findfp.o) (_fwalk_sglue)
C:/ST/STM32CubeIDE_2.2.0/STM32CubeIDE/plugins/com.st.stm32cube.ide.mcu.externaltools.gnu-tools-for-stm32.14.3.rel1.win32_1.0.100.202602081740/tools/bin/../lib/gcc/arm-none-eabi/14.3.1/../../../../arm-none-eabi/lib/thumb/v7e-m+fp/hard\libc_nano.a(libc_a-stdio.o)
                              C:/ST/STM32CubeIDE_2.2.0/STM32CubeIDE/plugins/com.st.stm32cube.ide.mcu.externaltools.gnu-tools-for-stm32.14.3.rel1.win32_1.0.100.202602081740/tools/bin/../lib/gcc/arm-none-eabi/14.3.1/../../../../arm-none-eabi/lib/thumb/v7e-m+fp/hard\libc_nano.a(libc_a-findfp.o) (__sread)
C:/ST/STM32CubeIDE_2.2.0/STM32CubeIDE/plugins/com.st.stm32cube.ide.mcu.externaltools.gnu-tools-for-stm32.14.3.rel1.win32_1.0.100.202602081740/tools/bin/../lib/gcc/arm-none-eabi/14.3.1/../../../../arm-none-eabi/lib/thumb/v7e-m+fp/hard\libc_nano.a(libc_a-memset.o)
                              C:/ST/STM32CubeIDE_2.2.0/STM32CubeIDE/plugins/com.st.stm32cube.ide.mcu.externaltools.gnu-tools-for-stm32.14.3.rel1.win32_1.0.100.202602081740/tools/bin/../lib/gcc/arm-none-eabi/14.3.1/../../../../arm-none-eabi/lib/thumb/v7e-m+fp/hard/crt0.o (memset)
C:/ST/STM32CubeIDE_2.2.0/STM32CubeIDE/plugins/com.st.stm32cube.ide.mcu.externaltools.gnu-tools-for-stm32.14.3.rel1.win32_1.0.100.202602081740/tools/bin/../lib/gcc/arm-none-eabi/14.3.1/../../../../arm-none-eabi/lib/thumb/v7e-m+fp/hard\libc_nano.a(libc_a-closer.o)
                              C:/ST/STM32CubeIDE_2.2.0/STM32CubeIDE/plugins/com.st.stm32cube.ide.mcu.externaltools.gnu-tools-for-stm32.14.3.rel1.win32_1.0.100.202602081740/tools/bin/../lib/gcc/arm-none-eabi/14.3.1/../../../../arm-none-eabi/lib/thumb/v7e-m+fp/hard\libc_nano.a(libc_a-stdio.o) (_close_r)
C:/ST/STM32CubeIDE_2.2.0/STM32CubeIDE/plugins/com.st.stm32cube.ide.mcu.externaltools.gnu-tools-for-stm32.14.3.rel1.win32_1.0.100.202602081740/tools/bin/../lib/gcc/arm-none-eabi/14.3.1/../../../../arm-none-eabi/lib/thumb/v7e-m+fp/hard\libc_nano.a(libc_a-reent.o)
                              C:/ST/STM32CubeIDE_2.2.0/STM32CubeIDE/plugins/com.st.stm32cube.ide.mcu.externaltools.gnu-tools-for-stm32.14.3.rel1.win32_1.0.100.202602081740/tools/bin/../lib/gcc/arm-none-eabi/14.3.1/../../../../arm-none-eabi/lib/thumb/v7e-m+fp/hard\libc_nano.a(libc_a-closer.o) (errno)
C:/ST/STM32CubeIDE_2.2.0/STM32CubeIDE/plugins/com.st.stm32cube.ide.mcu.externaltools.gnu-tools-for-stm32.14.3.rel1.win32_1.0.100.202602081740/tools/bin/../lib/gcc/arm-none-eabi/14.3.1/../../../../arm-none-eabi/lib/thumb/v7e-m+fp/hard\libc_nano.a(libc_a-impure.o)
                              C:/ST/STM32CubeIDE_2.2.0/STM32CubeIDE/plugins/com.st.stm32cube.ide.mcu.externaltools.gnu-tools-for-stm32.14.3.rel1.win32_1.0.100.202602081740/tools/bin/../lib/gcc/arm-none-eabi/14.3.1/../../../../arm-none-eabi/lib/thumb/v7e-m+fp/hard\libc_nano.a(libc_a-reent.o) (_impure_ptr)
C:/ST/STM32CubeIDE_2.2.0/STM32CubeIDE/plugins/com.st.stm32cube.ide.mcu.externaltools.gnu-tools-for-stm32.14.3.rel1.win32_1.0.100.202602081740/tools/bin/../lib/gcc/arm-none-eabi/14.3.1/../../../../arm-none-eabi/lib/thumb/v7e-m+fp/hard\libc_nano.a(libc_a-lseekr.o)
[...]
Memory Configuration

Name             Origin             Length             Attributes
RAM              0x20000000         0x00020000         xrw
FLASH            0x08000000         0x00080000         xr
*default*        0x00000000         0xffffffff

Linker script and memory map

LOAD C:/ST/STM32CubeIDE_2.2.0/STM32CubeIDE/plugins/com.st.stm32cube.ide.mcu.externaltools.gnu-tools-for-stm32.14.3.rel1.win32_1.0.100.202602081740/tools/bin/../lib/gcc/arm-none-eabi/14.3.1/thumb/v7e-m+fp/hard/crti.o
LOAD C:/ST/STM32CubeIDE_2.2.0/STM32CubeIDE/plugins/com.st.stm32cube.ide.mcu.externaltools.gnu-tools-for-stm32.14.3.rel1.win32_1.0.100.202602081740/tools/bin/../lib/gcc/arm-none-eabi/14.3.1/thumb/v7e-m+fp/hard/crtbegin.o
LOAD C:/ST/STM32CubeIDE_2.2.0/STM32CubeIDE/plugins/com.st.stm32cube.ide.mcu.externaltools.gnu-tools-for-stm32.14.3.rel1.win32_1.0.100.202602081740/tools/bin/../lib/gcc/arm-none-eabi/14.3.1/../../../../arm-none-eabi/lib/thumb/v7e-m+fp/hard/crt0.o
LOAD ./Core/Src/main.o
LOAD ./Core/Src/ram_driver.o
LOAD ./Core/Src/stm32f4xx_hal_msp.o
LOAD ./Core/Src/stm32f4xx_it.o
LOAD ./Core/Src/syscalls.o
LOAD ./Core/Src/sysmem.o
LOAD ./Core/Src/system_stm32f4xx.o
LOAD ./Core/Startup/startup_stm32f446retx.o
LOAD ./Drivers/STM32F4xx_HAL_Driver/Src/stm32f4xx_hal.o
LOAD ./Drivers/STM32F4xx_HAL_Driver/Src/stm32f4xx_hal_cortex.o
LOAD ./Drivers/STM32F4xx_HAL_Driver/Src/stm32f4xx_hal_dma.o
LOAD ./Drivers/STM32F4xx_HAL_Driver/Src/stm32f4xx_hal_dma_ex.o
LOAD ./Drivers/STM32F4xx_HAL_Driver/Src/stm32f4xx_hal_exti.o
LOAD ./Drivers/STM32F4xx_HAL_Driver/Src/stm32f4xx_hal_flash.o
LOAD ./Drivers/STM32F4xx_HAL_Driver/Src/stm32f4xx_hal_flash_ex.o
LOAD ./Drivers/STM32F4xx_HAL_Driver/Src/stm32f4xx_hal_flash_ramfunc.o
LOAD ./Drivers/STM32F4xx_HAL_Driver/Src/stm32f4xx_hal_gpio.o
LOAD ./Drivers/STM32F4xx_HAL_Driver/Src/stm32f4xx_hal_pcd.o
LOAD ./Drivers/STM32F4xx_HAL_Driver/Src/stm32f4xx_hal_pcd_ex.o
LOAD ./Drivers/STM32F4xx_HAL_Driver/Src/stm32f4xx_hal_pwr.o
LOAD ./Drivers/STM32F4xx_HAL_Driver/Src/stm32f4xx_hal_pwr_ex.o
LOAD ./Drivers/STM32F4xx_HAL_Driver/Src/stm32f4xx_hal_rcc.o
LOAD ./Drivers/STM32F4xx_HAL_Driver/Src/stm32f4xx_hal_rcc_ex.o
LOAD ./Drivers/STM32F4xx_HAL_Driver/Src/stm32f4xx_ll_usb.o
LOAD ./FATFS/App/fatfs.o
LOAD ./FATFS/Target/user_diskio.o
LOAD ./Middlewares/ST/STM32_USB_Device_Library/Class/MSC/Src/usbd_msc.o
LOAD ./Middlewares/ST/STM32_USB_Device_Library/Class/MSC/Src/usbd_msc_bot.o
LOAD ./Middlewares/ST/STM32_USB_Device_Library/Class/MSC/Src/usbd_msc_data.o
LOAD ./Middlewares/ST/STM32_USB_Device_Library/Class/MSC/Src/usbd_msc_scsi.o
LOAD ./Middlewares/ST/STM32_USB_Device_Library/Core/Src/usbd_core.o
LOAD ./Middlewares/ST/STM32_USB_Device_Library/Core/Src/usbd_ctlreq.o
LOAD ./Middlewares/ST/STM32_USB_Device_Library/Core/Src/usbd_ioreq.o
LOAD ./Middlewares/Third_Party/FatFs/src/diskio.o
LOAD ./Middlewares/Third_Party/FatFs/src/ff.o
LOAD ./Middlewares/Third_Party/FatFs/src/ff_gen_drv.o
LOAD ./Middlewares/Third_Party/FatFs/src/option/syscall.o
LOAD ./USB_DEVICE/App/usb_device.o
LOAD ./USB_DEVICE/App/usbd_desc.o
LOAD ./USB_DEVICE/App/usbd_storage_if.o
LOAD ./USB_DEVICE/Target/usbd_conf.o
START GROUP
LOAD C:/ST/STM32CubeIDE_2.2.0/STM32CubeIDE/plugins/com.st.stm32cube.ide.mcu.externaltools.gnu-tools-for-stm32.14.3.rel1.win32_1.0.100.202602081740/tools/bin/../lib/gcc/arm-none-eabi/14.3.1/../../../../arm-none-eabi/lib/thumb/v7e-m+fp/hard\libc_nano.a
LOAD C:/ST/STM32CubeIDE_2.2.0/STM32CubeIDE/plugins/com.st.stm32cube.ide.mcu.externaltools.gnu-tools-for-stm32.14.3.rel1.win32_1.0.100.202602081740/tools/bin/../lib/gcc/arm-none-eabi/14.3.1/../../../../arm-none-eabi/lib/thumb/v7e-m+fp/hard\libm.a
END GROUP
START GROUP
LOAD C:/ST/STM32CubeIDE_2.2.0/STM32CubeIDE/plugins/com.st.stm32cube.ide.mcu.externaltools.gnu-tools-for-stm32.14.3.rel1.win32_1.0.100.202602081740/tools/bin/../lib/gcc/arm-none-eabi/14.3.1/thumb/v7e-m+fp/hard\libgcc.a
LOAD C:/ST/STM32CubeIDE_2.2.0/STM32CubeIDE/plugins/com.st.stm32cube.ide.mcu.externaltools.gnu-tools-for-stm32.14.3.rel1.win32_1.0.100.202602081740/tools/bin/../lib/gcc/arm-none-eabi/14.3.1/../../../../arm-none-eabi/lib/thumb/v7e-m+fp/hard\libc_nano.a
END GROUP
START GROUP
LOAD C:/ST/STM32CubeIDE_2.2.0/STM32CubeIDE/plugins/com.st.stm32cube.ide.mcu.externaltools.gnu-tools-for-stm32.14.3.rel1.win32_1.0.100.202602081740/tools/bin/../lib/gcc/arm-none-eabi/14.3.1/thumb/v7e-m+fp/hard\libgcc.a
LOAD C:/ST/STM32CubeIDE_2.2.0/STM32CubeIDE/plugins/com.st.stm32cube.ide.mcu.externaltools.gnu-tools-for-stm32.14.3.rel1.win32_1.0.100.202602081740/tools/bin/../lib/gcc/arm-none-eabi/14.3.1/../../../../arm-none-eabi/lib/thumb/v7e-m+fp/hard\libc_nano.a
LOAD C:/ST/STM32CubeIDE_2.2.0/STM32CubeIDE/plugins/com.st.stm32cube.ide.mcu.externaltools.gnu-tools-for-stm32.14.3.rel1.win32_1.0.100.202602081740/tools/bin/../lib/gcc/arm-none-eabi/14.3.1/../../../../arm-none-eabi/lib/thumb/v7e-m+fp/hard\libnosys.a
END GROUP
START GROUP
LOAD C:/ST/STM32CubeIDE_2.2.0/STM32CubeIDE/plugins/com.st.stm32cube.ide.mcu.externaltools.gnu-tools-for-stm32.14.3.rel1.win32_1.0.100.202602081740/tools/bin/../lib/gcc/arm-none-eabi/14.3.1/thumb/v7e-m+fp/hard\libgcc.a
LOAD C:/ST/STM32CubeIDE_2.2.0/STM32CubeIDE/plugins/com.st.stm32cube.ide.mcu.externaltools.gnu-tools-for-stm32.14.3.rel1.win32_1.0.100.202602081740/tools/bin/../lib/gcc/arm-none-eabi/14.3.1/../../../../arm-none-eabi/lib/thumb/v7e-m+fp/hard\libc_nano.a
LOAD C:/ST/STM32CubeIDE_2.2.0/STM32CubeIDE/plugins/com.st.stm32cube.ide.mcu.externaltools.gnu-tools-for-stm32.14.3.rel1.win32_1.0.100.202602081740/tools/bin/../lib/gcc/arm-none-eabi/14.3.1/../../../../arm-none-eabi/lib/thumb/v7e-m+fp/hard\libnosys.a
END GROUP
LOAD C:/ST/STM32CubeIDE_2.2.0/STM32CubeIDE/plugins/com.st.stm32cube.ide.mcu.externaltools.gnu-tools-for-stm32.14.3.rel1.win32_1.0.100.202602081740/tools/bin/../lib/gcc/arm-none-eabi/14.3.1/thumb/v7e-m+fp/hard/crtend.o
LOAD C:/ST/STM32CubeIDE_2.2.0/STM32CubeIDE/plugins/com.st.stm32cube.ide.mcu.externaltools.gnu-tools-for-stm32.14.3.rel1.win32_1.0.100.202602081740/tools/bin/../lib/gcc/arm-none-eabi/14.3.1/thumb/v7e-m+fp/hard/crtn.o
                0x20020000                        _estack = (ORIGIN (RAM) + LENGTH (RAM))
                0x00000200                        _Min_Heap_Size = 0x200
                0x00000400                        _Min_Stack_Size = 0x400

.isr_vector     0x08000000      0x1c4
                0x08000000                        . = ALIGN (0x4)
 *(.isr_vector)
 .isr_vector    0x08000000      0x1c4 ./Core/Startup/startup_stm32f446retx.o
                0x08000000                g_pfnVectors
                0x080001c4                        . = ALIGN (0x4)

.text           0x080001c4     0xa570
                0x080001c4                        . = ALIGN (0x4)
 *(.text)
 .text          0x080001c4       0x40 C:/ST/STM32CubeIDE_2.2.0/STM32CubeIDE/plugins/com.st.stm32cube.ide.mcu.externaltools.gnu-tools-for-stm32.14.3.rel1.win32_1.0.100.202602081740/tools/bin/../lib/gcc/arm-none-eabi/14.3.1/thumb/v7e-m+fp/hard/crtbegin.o
 .text          0x08000204       0x30 C:/ST/STM32CubeIDE_2.2.0/STM32CubeIDE/plugins/com.st.stm32cube.ide.mcu.externaltools.gnu-tools-for-stm32.14.3.rel1.win32_1.0.100.202602081740/tools/bin/../lib/gcc/arm-none-eabi/14.3.1/thumb/v7e-m+fp/hard\libgcc.a(_aeabi_uldivmod.o)
                0x08000204                __aeabi_uldivmod
 .text          0x08000234      0x2f8 C:/ST/STM32CubeIDE_2.2.0/STM32CubeIDE/plugins/com.st.stm32cube.ide.mcu.externaltools.gnu-tools-for-stm32.14.3.rel1.win32_1.0.100.202602081740/tools/bin/../lib/gcc/arm-none-eabi/14.3.1/thumb/v7e-m+fp/hard\libgcc.a(_udivmoddi4.o)
                0x08000234                __udivmoddi4
 .text          0x0800052c        0x4 C:/ST/STM32CubeIDE_2.2.0/STM32CubeIDE/plugins/com.st.stm32cube.ide.mcu.externaltools.gnu-tools-for-stm32.14.3.rel1.win32_1.0.100.202602081740/tools/bin/../lib/gcc/arm-none-eabi/14.3.1/thumb/v7e-m+fp/hard\libgcc.a(_dvmd_tls.o)
                0x0800052c                __aeabi_idiv0
                0x0800052c                __aeabi_ldiv0
 *(.text*)
 .text.main     0x08000530       0x98 ./Core/Src/main.o
                0x08000530                main
 .text.SystemClock_Config
                0x080005c8       0xd8 ./Core/Src/main.o
                0x080005c8                SystemClock_Config
 .text.MX_GPIO_Init
                0x080006a0       0x84 ./Core/Src/main.o
 .text.Error_Handler
                0x08000724        0xc ./Core/Src/main.o
                0x08000724                Error_Handler
 .text.ramdrive_init
                0x08000730       0x18 ./Core/Src/ram_driver.o
                0x08000730                ramdrive_init
 .text.HAL_MspInit
                0x08000748       0x50 ./Core/Src/stm32f4xx_hal_msp.o
                0x08000748                HAL_MspInit
 .text.NMI_Handler
                0x08000798        0x8 ./Core/Src/stm32f4xx_it.o
                0x08000798                NMI_Handler
 .text.HardFault_Handler
                0x080007a0        0x8 ./Core/Src/stm32f4xx_it.o
                0x080007a0                HardFault_Handler
 .text.MemManage_Handler
                0x080007a8        0x8 ./Core/Src/stm32f4xx_it.o
                0x080007a8                MemManage_Handler
 .text.BusFault_Handler
                0x080007b0        0x8 ./Core/Src/stm32f4xx_it.o
                0x080007b0                BusFault_Handler
 .text.UsageFault_Handler
                0x080007b8        0x8 ./Core/Src/stm32f4xx_it.o
                0x080007b8                UsageFault_Handler
 .text.SVC_Handler
                0x080007c0        0xe ./Core/Src/stm32f4xx_it.o
                0x080007c0                SVC_Handler
 .text.DebugMon_Handler
                0x080007ce        0xe ./Core/Src/stm32f4xx_it.o
                0x080007ce                DebugMon_Handler
 .text.PendSV_Handler
                0x080007dc        0xe ./Core/Src/stm32f4xx_it.o
                0x080007dc                PendSV_Handler
 .text.SysTick_Handler
                0x080007ea        0xc ./Core/Src/stm32f4xx_it.o
                0x080007ea                SysTick_Handler
 *fill*         0x080007f6        0x2 
 .text.OTG_FS_IRQHandler
                0x080007f8       0x14 ./Core/Src/stm32f4xx_it.o
                0x080007f8                OTG_FS_IRQHandler
 .text.SystemInit
                0x0800080c       0x24 ./Core/Src/system_stm32f4xx.o
                0x0800080c                SystemInit
 .text.Reset_Handler
                0x08000830       0x50 ./Core/Startup/startup_stm32f446retx.o
                0x08000830                Reset_Handler
 .text.Default_Handler
                0x08000880        0x2 ./Core/Startup/startup_stm32f446retx.o
                0x08000880                RTC_Alarm_IRQHandler
                0x08000880                EXTI2_IRQHandler
                0x08000880                TIM8_CC_IRQHandler
                0x08000880                FMPI2C1_EV_IRQHandler
                0x08000880                SPI4_IRQHandler
                0x08000880                TIM1_CC_IRQHandler
                0x08000880                DMA2_Stream5_IRQHandler
                0x08000880                DMA1_Stream5_IRQHandler
                0x08000880                PVD_IRQHandler
                0x08000880                SDIO_IRQHandler
                0x08000880                TAMP_STAMP_IRQHandler
                0x08000880                CAN2_RX1_IRQHandler
                0x08000880                EXTI3_IRQHandler
                0x08000880                TIM8_TRG_COM_TIM14_IRQHandler
                0x08000880                TIM1_UP_TIM10_IRQHandler
                0x08000880                TIM8_UP_TIM13_IRQHandler
                0x08000880                I2C3_ER_IRQHandler
                0x08000880                EXTI0_IRQHandler
                0x08000880                I2C2_EV_IRQHandler
                0x08000880                DMA1_Stream2_IRQHandler
                0x08000880                CAN1_RX0_IRQHandler
                0x08000880                FPU_IRQHandler
                0x08000880                OTG_HS_WKUP_IRQHandler
                0x08000880                CAN2_SCE_IRQHandler
                0x08000880                DMA2_Stream2_IRQHandler
                0x08000880                SPI1_IRQHandler
                0x08000880                TIM6_DAC_IRQHandler
                0x08000880                TIM1_BRK_TIM9_IRQHandler
                0x08000880                DCMI_IRQHandler
                0x08000880                CAN2_RX0_IRQHandler
                0x08000880                DMA2_Stream3_IRQHandler
                0x08000880                SAI2_IRQHandler
                0x08000880                USART6_IRQHandler
                0x08000880                USART3_IRQHandler
                0x08000880                CAN1_RX1_IRQHandler
                0x08000880                UART5_IRQHandler
                0x08000880                DMA2_Stream0_IRQHandler
                0x08000880                TIM4_IRQHandler
                0x08000880                QUADSPI_IRQHandler
                0x08000880                I2C1_EV_IRQHandler
                0x08000880                DMA1_Stream6_IRQHandler
                0x08000880                DMA1_Stream1_IRQHandler
                0x08000880                UART4_IRQHandler
                0x08000880                TIM3_IRQHandler
                0x08000880                RCC_IRQHandler
                0x08000880                TIM8_BRK_TIM12_IRQHandler
                0x08000880                Default_Handler
                0x08000880                CEC_IRQHandler
                0x08000880                EXTI15_10_IRQHandler
                0x08000880                ADC_IRQHandler
                0x08000880                DMA1_Stream7_IRQHandler
                0x08000880                TIM7_IRQHandler
                0x08000880                CAN2_TX_IRQHandler
                0x08000880                TIM5_IRQHandler
                0x08000880                DMA2_Stream7_IRQHandler
                0x08000880                I2C3_EV_IRQHandler
                0x08000880                EXTI9_5_IRQHandler
                0x08000880                RTC_WKUP_IRQHandler
                0x08000880                SPDIF_RX_IRQHandler
                0x08000880                SPI2_IRQHandler
                0x08000880                OTG_HS_EP1_IN_IRQHandler
                0x08000880                DMA1_Stream0_IRQHandler
                0x08000880                CAN1_TX_IRQHandler
                0x08000880                FMPI2C1_ER_IRQHandler
                0x08000880                EXTI4_IRQHandler
                0x08000880                OTG_HS_EP1_OUT_IRQHandler
                0x08000880                WWDG_IRQHandler
                0x08000880                TIM2_IRQHandler
                0x08000880                OTG_FS_WKUP_IRQHandler
                0x08000880                TIM1_TRG_COM_TIM11_IRQHandler
                0x08000880                OTG_HS_IRQHandler
                0x08000880                EXTI1_IRQHandler
                0x08000880                USART2_IRQHandler
                0x08000880                I2C2_ER_IRQHandler
                0x08000880                DMA2_Stream1_IRQHandler
                0x08000880                CAN1_SCE_IRQHandler
                0x08000880                FLASH_IRQHandler
                0x08000880                DMA2_Stream4_IRQHandler
                0x08000880                USART1_IRQHandler
                0x08000880                SPI3_IRQHandler
                0x08000880                DMA1_Stream4_IRQHandler
                0x08000880                I2C1_ER_IRQHandler
                0x08000880                FMC_IRQHandler
                0x08000880                DMA2_Stream6_IRQHandler
                0x08000880                SAI1_IRQHandler
                0x08000880                DMA1_Stream3_IRQHandler
 *fill*         0x08000882        0x2 
 .text.HAL_Init
                0x08000884       0x44 ./Drivers/STM32F4xx_HAL_Driver/Src/stm32f4xx_hal.o
                0x08000884                HAL_Init
 .text.HAL_InitTick
                0x080008c8       0x60 ./Drivers/STM32F4xx_HAL_Driver/Src/stm32f4xx_hal.o
                0x080008c8                HAL_InitTick
 .text.HAL_IncTick
                0x08000928       0x28 ./Drivers/STM32F4xx_HAL_Driver/Src/stm32f4xx_hal.o
                0x08000928                HAL_IncTick
 .text.HAL_GetTick
                0x08000950       0x18 ./Drivers/STM32F4xx_HAL_Driver/Src/stm32f4xx_hal.o
                0x08000950                HAL_GetTick
 .text.HAL_Delay
                0x08000968       0x48 ./Drivers/STM32F4xx_HAL_Driver/Src/stm32f4xx_hal.o
                0x08000968                HAL_Delay
 .text.__NVIC_SetPriorityGrouping
                0x080009b0       0x48 ./Drivers/STM32F4xx_HAL_Driver/Src/stm32f4xx_hal_cortex.o
 .text.__NVIC_GetPriorityGrouping
                0x080009f8       0x1c ./Drivers/STM32F4xx_HAL_Driver/Src/stm32f4xx_hal_cortex.o
 .text.__NVIC_EnableIRQ
                0x08000a14       0x3c ./Drivers/STM32F4xx_HAL_Driver/Src/stm32f4xx_hal_cortex.o
 .text.__NVIC_SetPriority
                0x08000a50       0x54 ./Drivers/STM32F4xx_HAL_Driver/Src/stm32f4xx_hal_cortex.o
 .text.NVIC_EncodePriority
                0x08000aa4       0x66 ./Drivers/STM32F4xx_HAL_Driver/Src/stm32f4xx_hal_cortex.o
 *fill*         0x08000b0a        0x2 
 .text.SysTick_Config
                0x08000b0c       0x44 ./Drivers/STM32F4xx_HAL_Driver/Src/stm32f4xx_hal_cortex.o
 .text.HAL_NVIC_SetPriorityGrouping
                0x08000b50       0x16 ./Drivers/STM32F4xx_HAL_Driver/Src/stm32f4xx_hal_cortex.o
                0x08000b50                HAL_NVIC_SetPriorityGrouping
 .text.HAL_NVIC_SetPriority
                0x08000b66       0x38 ./Drivers/STM32F4xx_HAL_Driver/Src/stm32f4xx_hal_cortex.o
                0x08000b66                HAL_NVIC_SetPriority
 .text.HAL_NVIC_EnableIRQ
                0x08000b9e       0x1c ./Drivers/STM32F4xx_HAL_Driver/Src/stm32f4xx_hal_cortex.o
                0x08000b9e                HAL_NVIC_EnableIRQ
 .text.HAL_SYSTICK_Config
                0x08000bba       0x18 ./Drivers/STM32F4xx_HAL_Driver/Src/stm32f4xx_hal_cortex.o
                0x08000bba                HAL_SYSTICK_Config
 *fill*         0x08000bd2        0x2 
 .text.HAL_GPIO_Init
                0x08000bd4      0x328 ./Drivers/STM32F4xx_HAL_Driver/Src/stm32f4xx_hal_gpio.o
                0x08000bd4                HAL_GPIO_Init
 .text.HAL_GPIO_WritePin
                0x08000efc       0x32 ./Drivers/STM32F4xx_HAL_Driver/Src/stm32f4xx_hal_gpio.o
                0x08000efc                HAL_GPIO_WritePin
 .text.HAL_PCD_Init
                0x08000f2e      0x22c ./Drivers/STM32F4xx_HAL_Driver/Src/stm32f4xx_hal_pcd.o
                0x08000f2e                HAL_PCD_Init
 .text.HAL_PCD_Start
                0x0800115a       0x6a ./Drivers/STM32F4xx_HAL_Driver/Src/stm32f4xx_hal_pcd.o
                0x0800115a                HAL_PCD_Start
 .text.HAL_PCD_IRQHandler
                0x080011c4      0x99c ./Drivers/STM32F4xx_HAL_Driver/Src/stm32f4xx_hal_pcd.o
                0x080011c4                HAL_PCD_IRQHandler
 .text.HAL_PCD_SetAddress
                0x08001b60       0x48 ./Drivers/STM32F4xx_HAL_Driver/Src/stm32f4xx_hal_pcd.o
                0x08001b60                HAL_PCD_SetAddress
 .text.HAL_PCD_EP_Open
                0x08001ba8       0xd4 ./Drivers/STM32F4xx_HAL_Driver/Src/stm32f4xx_hal_pcd.o
                0x08001ba8                HAL_PCD_EP_Open
 .text.HAL_PCD_EP_Close
                0x08001c7c       0x94 ./Drivers/STM32F4xx_HAL_Driver/Src/stm32f4xx_hal_pcd.o
                0x08001c7c                HAL_PCD_EP_Close
 .text.HAL_PCD_EP_Receive
                0x08001d10       0x76 ./Drivers/STM32F4xx_HAL_Driver/Src/stm32f4xx_hal_pcd.o
                0x08001d10                HAL_PCD_EP_Receive
 .text.HAL_PCD_EP_GetRxCount
                0x08001d86       0x30 ./Drivers/STM32F4xx_HAL_Driver/Src/stm32f4xx_hal_pcd.o
                0x08001d86                HAL_PCD_EP_GetRxCount
 .text.HAL_PCD_EP_Transmit
                0x08001db6       0x74 ./Drivers/STM32F4xx_HAL_Driver/Src/stm32f4xx_hal_pcd.o
                0x08001db6                HAL_PCD_EP_Transmit
 .text.HAL_PCD_EP_SetStall
                0x08001e2a       0xc6 ./Drivers/STM32F4xx_HAL_Driver/Src/stm32f4xx_hal_pcd.o
                0x08001e2a                HAL_PCD_EP_SetStall
 .text.HAL_PCD_EP_ClrStall
                0x08001ef0       0xac ./Drivers/STM32F4xx_HAL_Driver/Src/stm32f4xx_hal_pcd.o
                0x08001ef0                HAL_PCD_EP_ClrStall
 .text.HAL_PCD_EP_Abort
                0x08001f9c       0x62 ./Drivers/STM32F4xx_HAL_Driver/Src/stm32f4xx_hal_pcd.o
                0x08001f9c                HAL_PCD_EP_Abort
 .text.HAL_PCD_EP_Flush
                0x08001ffe       0x5a ./Drivers/STM32F4xx_HAL_Driver/Src/stm32f4xx_hal_pcd.o
                0x08001ffe                HAL_PCD_EP_Flush
 .text.PCD_WriteEmptyTxFifo
                0x08002058      0x118 ./Drivers/STM32F4xx_HAL_Driver/Src/stm32f4xx_hal_pcd.o
 .text.PCD_EP_OutXfrComplete_int
                0x08002170      0x1d0 ./Drivers/STM32F4xx_HAL_Driver/Src/stm32f4xx_hal_pcd.o
 .text.PCD_EP_OutSetupPacket_int
                0x08002340       0x8c ./Drivers/STM32F4xx_HAL_Driver/Src/stm32f4xx_hal_pcd.o
 .text.HAL_PCDEx_SetTxFiFo
                0x080023cc       0x8e ./Drivers/STM32F4xx_HAL_Driver/Src/stm32f4xx_hal_pcd_ex.o
                0x080023cc                HAL_PCDEx_SetTxFiFo
 .text.HAL_PCDEx_SetRxFiFo
                0x0800245a       0x22 ./Drivers/STM32F4xx_HAL_Driver/Src/stm32f4xx_hal_pcd_ex.o
                0x0800245a                HAL_PCDEx_SetRxFiFo
 .text.HAL_PCDEx_ActivateLPM
                0x0800247c       0x48 ./Drivers/STM32F4xx_HAL_Driver/Src/stm32f4xx_hal_pcd_ex.o
                0x0800247c                HAL_PCDEx_ActivateLPM
 .text.HAL_RCC_ClockConfig
                0x080024c4      0x1cc ./Drivers/STM32F4xx_HAL_Driver/Src/stm32f4xx_hal_rcc.o
                0x080024c4                HAL_RCC_ClockConfig
 .text.HAL_RCC_GetHCLKFreq
                0x08002690       0x18 ./Drivers/STM32F4xx_HAL_Driver/Src/stm32f4xx_hal_rcc.o
                0x08002690                HAL_RCC_GetHCLKFreq
 .text.HAL_RCCEx_PeriphCLKConfig
                0x080026a8      0x654 ./Drivers/STM32F4xx_HAL_Driver/Src/stm32f4xx_hal_rcc_ex.o
                0x080026a8                HAL_RCCEx_PeriphCLKConfig
 .text.HAL_RCC_GetSysClockFreq
                0x08002cfc      0x460 ./Drivers/STM32F4xx_HAL_Driver/Src/stm32f4xx_hal_rcc_ex.o
                0x08002cfc                HAL_RCC_GetSysClockFreq
 .text.HAL_RCC_OscConfig
                0x0800315c      0x53c ./Drivers/STM32F4xx_HAL_Driver/Src/stm32f4xx_hal_rcc_ex.o
                0x0800315c                HAL_RCC_OscConfig
 .text.USB_CoreInit
                0x08003698       0xc8 ./Drivers/STM32F4xx_HAL_Driver/Src/stm32f4xx_ll_usb.o
                0x08003698                USB_CoreInit
 .text.USB_SetTurnaroundTime
                0x08003760      0x144 ./Drivers/STM32F4xx_HAL_Driver/Src/stm32f4xx_ll_usb.o
                0x08003760                USB_SetTurnaroundTime
 .text.USB_EnableGlobalInt
                0x080038a4       0x22 ./Drivers/STM32F4xx_HAL_Driver/Src/stm32f4xx_ll_usb.o
                0x080038a4                USB_EnableGlobalInt
 .text.USB_DisableGlobalInt
                0x080038c6       0x22 ./Drivers/STM32F4xx_HAL_Driver/Src/stm32f4xx_ll_usb.o
                0x080038c6                USB_DisableGlobalInt
 .text.USB_SetCurrentMode
                0x080038e8       0x98 ./Drivers/STM32F4xx_HAL_Driver/Src/stm32f4xx_ll_usb.o
                0x080038e8                USB_SetCurrentMode
 .text.USB_DevInit
                0x08003980      0x2bc ./Drivers/STM32F4xx_HAL_Driver/Src/stm32f4xx_ll_usb.o
                0x08003980                USB_DevInit
 .text.USB_FlushTxFifo
                0x08003c3c       0x64 ./Drivers/STM32F4xx_HAL_Driver/Src/stm32f4xx_ll_usb.o
                0x08003c3c                USB_FlushTxFifo
 .text.USB_FlushRxFifo
                0x08003ca0       0x5c ./Drivers/STM32F4xx_HAL_Driver/Src/stm32f4xx_ll_usb.o
                0x08003ca0                USB_FlushRxFifo
 .text.USB_SetDevSpeed
                0x08003cfc       0x32 ./Drivers/STM32F4xx_HAL_Driver/Src/stm32f4xx_ll_usb.o
                0x08003cfc                USB_SetDevSpeed
 .text.USB_GetDevSpeed
                0x08003d2e       0x4a ./Drivers/STM32F4xx_HAL_Driver/Src/stm32f4xx_ll_usb.o
                0x08003d2e                USB_GetDevSpeed
 .text.USB_ActivateEndpoint
                0x08003d78      0x10e ./Drivers/STM32F4xx_HAL_Driver/Src/stm32f4xx_ll_usb.o
                0x08003d78                USB_ActivateEndpoint
 *fill*         0x08003e86        0x2 
 .text.USB_DeactivateEndpoint
                0x08003e88      0x1b8 ./Drivers/STM32F4xx_HAL_Driver/Src/stm32f4xx_ll_usb.o
                0x08003e88                USB_DeactivateEndpoint
 .text.USB_EPStartXfer
                0x08004040      0x53c ./Drivers/STM32F4xx_HAL_Driver/Src/stm32f4xx_ll_usb.o
                0x08004040                USB_EPStartXfer
 .text.USB_EPStopXfer
                0x0800457c      0x154 ./Drivers/STM32F4xx_HAL_Driver/Src/stm32f4xx_ll_usb.o
                0x0800457c                USB_EPStopXfer
 .text.USB_WritePacket
                0x080046d0       0x7c ./Drivers/STM32F4xx_HAL_Driver/Src/stm32f4xx_ll_usb.o
                0x080046d0                USB_WritePacket
 .text.USB_ReadPacket
                0x0800474c       0xb0 ./Drivers/STM32F4xx_HAL_Driver/Src/stm32f4xx_ll_usb.o
                0x0800474c                USB_ReadPacket
 .text.USB_EPSetStall
                0x080047fc       0xdc ./Drivers/STM32F4xx_HAL_Driver/Src/stm32f4xx_ll_usb.o
                0x080047fc                USB_EPSetStall
 .text.USB_EPClearStall
                0x080048d8       0xcc ./Drivers/STM32F4xx_HAL_Driver/Src/stm32f4xx_ll_usb.o
                0x080048d8                USB_EPClearStall
 .text.USB_SetDevAddress
                0x080049a4       0x4c ./Drivers/STM32F4xx_HAL_Driver/Src/stm32f4xx_ll_usb.o
                0x080049a4                USB_SetDevAddress
 .text.USB_DevConnect
                0x080049f0       0x42 ./Drivers/STM32F4xx_HAL_Driver/Src/stm32f4xx_ll_usb.o
                0x080049f0                USB_DevConnect
 .text.USB_DevDisconnect
                0x08004a32       0x42 ./Drivers/STM32F4xx_HAL_Driver/Src/stm32f4xx_ll_usb.o
                0x08004a32                USB_DevDisconnect
 .text.USB_ReadInterrupts
                0x08004a74       0x26 ./Drivers/STM32F4xx_HAL_Driver/Src/stm32f4xx_ll_usb.o
                0x08004a74                USB_ReadInterrupts
 .text.USB_ReadDevAllOutEpInterrupt
                0x08004a9a       0x34 ./Drivers/STM32F4xx_HAL_Driver/Src/stm32f4xx_ll_usb.o
                0x08004a9a                USB_ReadDevAllOutEpInterrupt
 .text.USB_ReadDevAllInEpInterrupt
                0x08004ace       0x34 ./Drivers/STM32F4xx_HAL_Driver/Src/stm32f4xx_ll_usb.o
                0x08004ace                USB_ReadDevAllInEpInterrupt
 .text.USB_ReadDevOutEPInterrupt
                0x08004b02       0x3c ./Drivers/STM32F4xx_HAL_Driver/Src/stm32f4xx_ll_usb.o
                0x08004b02                USB_ReadDevOutEPInterrupt
 .text.USB_ReadDevInEPInterrupt
                0x08004b3e       0x5c ./Drivers/STM32F4xx_HAL_Driver/Src/stm32f4xx_ll_usb.o
                0x08004b3e                USB_ReadDevInEPInterrupt
 .text.USB_GetMode
                0x08004b9a       0x1c ./Drivers/STM32F4xx_HAL_Driver/Src/stm32f4xx_ll_usb.o
                0x08004b9a                USB_GetMode
 .text.USB_ActivateSetup
                0x08004bb6       0x46 ./Drivers/STM32F4xx_HAL_Driver/Src/stm32f4xx_ll_usb.o
                0x08004bb6                USB_ActivateSetup
 .text.USB_EP0_OutStart
                0x08004bfc       0xbc ./Drivers/STM32F4xx_HAL_Driver/Src/stm32f4xx_ll_usb.o
                0x08004bfc                USB_EP0_OutStart
 .text.USB_CoreReset
                0x08004cb8       0x70 ./Drivers/STM32F4xx_HAL_Driver/Src/stm32f4xx_ll_usb.o
 .text.MX_FATFS_Init
                0x08004d28       0x24 ./FATFS/App/fatfs.o
                0x08004d28                MX_FATFS_Init
 .text.USER_initialize
                0x08004d4c       0x28 ./FATFS/Target/user_diskio.o
                0x08004d4c                USER_initialize
 .text.USER_status
                0x08004d74       0x28 ./FATFS/Target/user_diskio.o
                0x08004d74                USER_status
 .text.USER_read
                0x08004d9c       0x34 ./FATFS/Target/user_diskio.o
                0x08004d9c                USER_read
 .text.USER_write
                0x08004dd0       0x1e ./FATFS/Target/user_diskio.o
                0x08004dd0                USER_write
 .text.USER_ioctl
                0x08004dee       0x22 ./FATFS/Target/user_diskio.o
                0x08004dee                USER_ioctl
 .text.USBD_MSC_Init
                0x08004e10      0x120 ./Middlewares/ST/STM32_USB_Device_Library/Class/MSC/Src/usbd_msc.o
                0x08004e10                USBD_MSC_Init
 .text.USBD_MSC_DeInit
                0x08004f30       0xb0 ./Middlewares/ST/STM32_USB_Device_Library/Class/MSC/Src/usbd_msc.o
                0x08004f30                USBD_MSC_DeInit
 .text.USBD_MSC_Setup
                0x08004fe0      0x200 ./Middlewares/ST/STM32_USB_Device_Library/Class/MSC/Src/usbd_msc.o
                0x08004fe0                USBD_MSC_Setup
 .text.USBD_MSC_DataIn
                0x080051e0       0x20 ./Middlewares/ST/STM32_USB_Device_Library/Class/MSC/Src/usbd_msc.o
                0x080051e0                USBD_MSC_DataIn
 .text.USBD_MSC_DataOut
                0x08005200       0x20 ./Middlewares/ST/STM32_USB_Device_Library/Class/MSC/Src/usbd_msc.o
                0x08005200                USBD_MSC_DataOut
 .text.USBD_MSC_GetHSCfgDesc
                0x08005220       0x58 ./Middlewares/ST/STM32_USB_Device_Library/Class/MSC/Src/usbd_msc.o
                0x08005220                USBD_MSC_GetHSCfgDesc
 .text.USBD_MSC_GetFSCfgDesc
                0x08005278       0x58 ./Middlewares/ST/STM32_USB_Device_Library/Class/MSC/Src/usbd_msc.o
                0x08005278                USBD_MSC_GetFSCfgDesc
 .text.USBD_MSC_GetOtherSpeedCfgDesc
                0x080052d0       0x58 ./Middlewares/ST/STM32_USB_Device_Library/Class/MSC/Src/usbd_msc.o
                0x080052d0                USBD_MSC_GetOtherSpeedCfgDesc
 .text.USBD_MSC_GetDeviceQualifierDescriptor
                0x08005328       0x20 ./Middlewares/ST/STM32_USB_Device_Library/Class/MSC/Src/usbd_msc.o
                0x08005328                USBD_MSC_GetDeviceQualifierDescriptor
 .text.USBD_MSC_RegisterStorage
                0x08005348       0x34 ./Middlewares/ST/STM32_USB_Device_Library/Class/MSC/Src/usbd_msc.o
                0x08005348                USBD_MSC_RegisterStorage
 .text.MSC_BOT_Init
                0x0800537c       0x94 ./Middlewares/ST/STM32_USB_Device_Library/Class/MSC/Src/usbd_msc_bot.o
                0x0800537c                MSC_BOT_Init
 .text.MSC_BOT_Reset
                0x08005410       0x68 ./Middlewares/ST/STM32_USB_Device_Library/Class/MSC/Src/usbd_msc_bot.o
                0x08005410                MSC_BOT_Reset
 .text.MSC_BOT_DeInit
                0x08005478       0x30 ./Middlewares/ST/STM32_USB_Device_Library/Class/MSC/Src/usbd_msc_bot.o
                0x08005478                MSC_BOT_DeInit
 .text.MSC_BOT_DataIn
                0x080054a8       0x74 ./Middlewares/ST/STM32_USB_Device_Library/Class/MSC/Src/usbd_msc_bot.o
                0x080054a8                MSC_BOT_DataIn
 .text.MSC_BOT_DataOut
                0x0800551c       0x68 ./Middlewares/ST/STM32_USB_Device_Library/Class/MSC/Src/usbd_msc_bot.o
                0x0800551c                MSC_BOT_DataOut
 .text.MSC_BOT_CBW_Decode
                0x08005584      0x12c ./Middlewares/ST/STM32_USB_Device_Library/Class/MSC/Src/usbd_msc_bot.o
 .text.MSC_BOT_SendData
                0x080056b0       0x6c ./Middlewares/ST/STM32_USB_Device_Library/Class/MSC/Src/usbd_msc_bot.o
 .text.MSC_BOT_SendCSW
                0x0800571c       0x74 ./Middlewares/ST/STM32_USB_Device_Library/Class/MSC/Src/usbd_msc_bot.o
                0x0800571c                MSC_BOT_SendCSW
 .text.MSC_BOT_Abort
                0x08005790       0x84 ./Middlewares/ST/STM32_USB_Device_Library/Class/MSC/Src/usbd_msc_bot.o
 .text.MSC_BOT_CplClrFeature
                0x08005814       0x74 ./Middlewares/ST/STM32_USB_Device_Library/Class/MSC/Src/usbd_msc_bot.o
                0x08005814                MSC_BOT_CplClrFeature
 .text.SCSI_ProcessCmd
                0x08005888      0x354 ./Middlewares/ST/STM32_USB_Device_Library/Class/MSC/Src/usbd_msc_scsi.o
                0x08005888                SCSI_ProcessCmd
 .text.SCSI_TestUnitReady
                0x08005bdc       0xb2 ./Middlewares/ST/STM32_USB_Device_Library/Class/MSC/Src/usbd_msc_scsi.o
 *fill*         0x08005c8e        0x2 
 .text.SCSI_Inquiry
                0x08005c90       0xf8 ./Middlewares/ST/STM32_USB_Device_Library/Class/MSC/Src/usbd_msc_scsi.o
 .text.SCSI_ReadCapacity10
                0x08005d88       0xf4 ./Middlewares/ST/STM32_USB_Device_Library/Class/MSC/Src/usbd_msc_scsi.o
 .text.SCSI_ReadCapacity16
                0x08005e7c      0x160 ./Middlewares/ST/STM32_USB_Device_Library/Class/MSC/Src/usbd_msc_scsi.o
 .text.SCSI_ReadFormatCapacity
                0x08005fdc       0xf6 ./Middlewares/ST/STM32_USB_Device_Library/Class/MSC/Src/usbd_msc_scsi.o
 *fill*         0x080060d2        0x2 
 .text.SCSI_ModeSense6
                0x080060d4       0xa0 ./Middlewares/ST/STM32_USB_Device_Library/Class/MSC/Src/usbd_msc_scsi.o
 .text.SCSI_ModeSense10
                0x08006174       0x9c ./Middlewares/ST/STM32_USB_Device_Library/Class/MSC/Src/usbd_msc_scsi.o
 .text.SCSI_RequestSense
                0x08006210      0x106 ./Middlewares/ST/STM32_USB_Device_Library/Class/MSC/Src/usbd_msc_scsi.o
 .text.SCSI_SenseCode
                0x08006316       0x96 ./Middlewares/ST/STM32_USB_Device_Library/Class/MSC/Src/usbd_msc_scsi.o
                0x08006316                SCSI_SenseCode
 .text.SCSI_StartStopUnit
                0x080063ac       0xaa ./Middlewares/ST/STM32_USB_Device_Library/Class/MSC/Src/usbd_msc_scsi.o
 .text.SCSI_AllowPreventRemovable
                0x08006456       0x5a ./Middlewares/ST/STM32_USB_Device_Library/Class/MSC/Src/usbd_msc_scsi.o
 .text.SCSI_Read10
                0x080064b0      0x154 ./Middlewares/ST/STM32_USB_Device_Library/Class/MSC/Src/usbd_msc_scsi.o
 .text.SCSI_Read12
                0x08006604      0x16a ./Middlewares/ST/STM32_USB_Device_Library/Class/MSC/Src/usbd_msc_scsi.o
 *fill*         0x0800676e        0x2 
 .text.SCSI_Write10
                0x08006770      0x1b0 ./Middlewares/ST/STM32_USB_Device_Library/Class/MSC/Src/usbd_msc_scsi.o
 .text.SCSI_Write12
                0x08006920      0x1d0 ./Middlewares/ST/STM32_USB_Device_Library/Class/MSC/Src/usbd_msc_scsi.o
 .text.SCSI_Verify10
                0x08006af0       0x84 ./Middlewares/ST/STM32_USB_Device_Library/Class/MSC/Src/usbd_msc_scsi.o
 .text.SCSI_ReportLuns
                0x08006b74       0xa8 ./Middlewares/ST/STM32_USB_Device_Library/Class/MSC/Src/usbd_msc_scsi.o
 .text.SCSI_ReceiveDiagnosticResults
                0x08006c1c       0x68 ./Middlewares/ST/STM32_USB_Device_Library/Class/MSC/Src/usbd_msc_scsi.o
 .text.SCSI_CheckAddressRange
                0x08006c84       0x64 ./Middlewares/ST/STM32_USB_Device_Library/Class/MSC/Src/usbd_msc_scsi.o
 .text.SCSI_ProcessRead
                0x08006ce8      0x104 ./Middlewares/ST/STM32_USB_Device_Library/Class/MSC/Src/usbd_msc_scsi.o
 .text.SCSI_ProcessWrite
                0x08006dec      0x120 ./Middlewares/ST/STM32_USB_Device_Library/Class/MSC/Src/usbd_msc_scsi.o
 .text.SCSI_UpdateBotData
                0x08006f0c       0x52 ./Middlewares/ST/STM32_USB_Device_Library/Class/MSC/Src/usbd_msc_scsi.o
 .text.USBD_Init
                0x08006f5e       0x60 ./Middlewares/ST/STM32_USB_Device_Library/Core/Src/usbd_core.o
                0x08006f5e                USBD_Init
 .text.USBD_RegisterClass
                0x08006fbe       0x6c ./Middlewares/ST/STM32_USB_Device_Library/Core/Src/usbd_core.o
                0x08006fbe                USBD_RegisterClass
 .text.USBD_Start
                0x0800702a       0x18 ./Middlewares/ST/STM32_USB_Device_Library/Core/Src/usbd_core.o
                0x0800702a                USBD_Start
 .text.USBD_RunTestMode
                0x08007042       0x16 ./Middlewares/ST/STM32_USB_Device_Library/Core/Src/usbd_core.o
                0x08007042                USBD_RunTestMode
 .text.USBD_SetClassConfig
                0x08007058       0x38 ./Middlewares/ST/STM32_USB_Device_Library/Core/Src/usbd_core.o
                0x08007058                USBD_SetClassConfig
 .text.USBD_ClrClassConfig
                0x08007090       0x34 ./Middlewares/ST/STM32_USB_Device_Library/Core/Src/usbd_core.o
                0x08007090                USBD_ClrClassConfig
 .text.USBD_LL_SetupStage
                0x080070c4       0xaa ./Middlewares/ST/STM32_USB_Device_Library/Core/Src/usbd_core.o
                0x080070c4                USBD_LL_SetupStage
 .text.USBD_LL_DataOutStage
                0x0800716e      0x178 ./Middlewares/ST/STM32_USB_Device_Library/Core/Src/usbd_core.o
                0x0800716e                USBD_LL_DataOutStage
 .text.USBD_LL_DataInStage
                0x080072e6      0x176 ./Middlewares/ST/STM32_USB_Device_Library/Core/Src/usbd_core.o
                0x080072e6                USBD_LL_DataInStage
 .text.USBD_LL_Reset
                0x0800745c       0xa6 ./Middlewares/ST/STM32_USB_Device_Library/Core/Src/usbd_core.o
                0x0800745c                USBD_LL_Reset
 .text.USBD_LL_SetSpeed
                0x08007502       0x20 ./Middlewares/ST/STM32_USB_Device_Library/Core/Src/usbd_core.o
                0x08007502                USBD_LL_SetSpeed
 .text.USBD_LL_Suspend
                0x08007522       0x38 ./Middlewares/ST/STM32_USB_Device_Library/Core/Src/usbd_core.o
                0x08007522                USBD_LL_Suspend
 .text.USBD_LL_Resume
                0x0800755a       0x30 ./Middlewares/ST/STM32_USB_Device_Library/Core/Src/usbd_core.o
                0x0800755a                USBD_LL_Resume
 .text.USBD_LL_SOF
                0x0800758a       0x40 ./Middlewares/ST/STM32_USB_Device_Library/Core/Src/usbd_core.o
                0x0800758a                USBD_LL_SOF
 .text.USBD_LL_IsoINIncomplete
                0x080075ca       0x64 ./Middlewares/ST/STM32_USB_Device_Library/Core/Src/usbd_core.o
                0x080075ca                USBD_LL_IsoINIncomplete
 .text.USBD_LL_IsoOUTIncomplete
                0x0800762e       0x64 ./Middlewares/ST/STM32_USB_Device_Library/Core/Src/usbd_core.o
                0x0800762e                USBD_LL_IsoOUTIncomplete
 .text.USBD_LL_DevConnected
                0x08007692       0x16 ./Middlewares/ST/STM32_USB_Device_Library/Core/Src/usbd_core.o
                0x08007692                USBD_LL_DevConnected
 .text.USBD_LL_DevDisconnected
                0x080076a8       0x46 ./Middlewares/ST/STM32_USB_Device_Library/Core/Src/usbd_core.o
                0x080076a8                USBD_LL_DevDisconnected
 .text.USBD_CoreFindIF
                0x080076ee       0x1a ./Middlewares/ST/STM32_USB_Device_Library/Core/Src/usbd_core.o
                0x080076ee                USBD_CoreFindIF
 .text.USBD_CoreFindEP
                0x08007708       0x1a ./Middlewares/ST/STM32_USB_Device_Library/Core/Src/usbd_core.o
                0x08007708                USBD_CoreFindEP
 .text.USBD_GetEpDesc
                0x08007722       0x70 ./Middlewares/ST/STM32_USB_Device_Library/Core/Src/usbd_core.o
                0x08007722                USBD_GetEpDesc
 .text.USBD_GetNextDesc
                0x08007792       0x38 ./Middlewares/ST/STM32_USB_Device_Library/Core/Src/usbd_core.o
                0x08007792                USBD_GetNextDesc
 .text.SWAPBYTE
                0x080077ca       0x3e ./Middlewares/ST/STM32_USB_Device_Library/Core/Src/usbd_ctlreq.o
 .text.USBD_StdDevReq
                0x08007808       0xe4 ./Middlewares/ST/STM32_USB_Device_Library/Core/Src/usbd_ctlreq.o
                0x08007808                USBD_StdDevReq
 .text.USBD_StdItfReq
                0x080078ec       0xd8 ./Middlewares/ST/STM32_USB_Device_Library/Core/Src/usbd_ctlreq.o
                0x080078ec                USBD_StdItfReq
 .text.USBD_StdEPReq
                0x080079c4      0x33e ./Middlewares/ST/STM32_USB_Device_Library/Core/Src/usbd_ctlreq.o
                0x080079c4                USBD_StdEPReq
 *fill*         0x08007d02        0x2 
 .text.USBD_GetDescriptor
                0x08007d04      0x328 ./Middlewares/ST/STM32_USB_Device_Library/Core/Src/usbd_ctlreq.o
 .text.USBD_SetAddress
                0x0800802c       0x88 ./Middlewares/ST/STM32_USB_Device_Library/Core/Src/usbd_ctlreq.o
 .text.USBD_SetConfig
                0x080080b4      0x154 ./Middlewares/ST/STM32_USB_Device_Library/Core/Src/usbd_ctlreq.o
 .text.USBD_GetConfig
                0x08008208       0x6c ./Middlewares/ST/STM32_USB_Device_Library/Core/Src/usbd_ctlreq.o
 .text.USBD_GetStatus
                0x08008274       0x68 ./Middlewares/ST/STM32_USB_Device_Library/Core/Src/usbd_ctlreq.o
 .text.USBD_SetFeature
                0x080082dc       0x52 ./Middlewares/ST/STM32_USB_Device_Library/Core/Src/usbd_ctlreq.o
 .text.USBD_ClrFeature
                0x0800832e       0x44 ./Middlewares/ST/STM32_USB_Device_Library/Core/Src/usbd_ctlreq.o
 .text.USBD_ParseSetupRequest
                0x08008372       0x74 ./Middlewares/ST/STM32_USB_Device_Library/Core/Src/usbd_ctlreq.o
                0x08008372                USBD_ParseSetupRequest
 .text.USBD_CtlError
                0x080083e6       0x22 ./Middlewares/ST/STM32_USB_Device_Library/Core/Src/usbd_ctlreq.o
                0x080083e6                USBD_CtlError
 .text.USBD_GetString
                0x08008408       0xa4 ./Middlewares/ST/STM32_USB_Device_Library/Core/Src/usbd_ctlreq.o
                0x08008408                USBD_GetString
 .text.USBD_GetLen
                0x080084ac       0x34 ./Middlewares/ST/STM32_USB_Device_Library/Core/Src/usbd_ctlreq.o
 .text.USBD_CtlSendData
                0x080084e0       0x3c ./Middlewares/ST/STM32_USB_Device_Library/Core/Src/usbd_ioreq.o
                0x080084e0                USBD_CtlSendData
 .text.USBD_CtlContinueSendData
                0x0800851c       0x22 ./Middlewares/ST/STM32_USB_Device_Library/Core/Src/usbd_ioreq.o
                0x0800851c                USBD_CtlContinueSendData
 .text.USBD_CtlContinueRx
                0x0800853e       0x22 ./Middlewares/ST/STM32_USB_Device_Library/Core/Src/usbd_ioreq.o
                0x0800853e                USBD_CtlContinueRx
 .text.USBD_CtlSendStatus
                0x08008560       0x26 ./Middlewares/ST/STM32_USB_Device_Library/Core/Src/usbd_ioreq.o
                0x08008560                USBD_CtlSendStatus
 .text.USBD_CtlReceiveStatus
                0x08008586       0x26 ./Middlewares/ST/STM32_USB_Device_Library/Core/Src/usbd_ioreq.o
                0x08008586                USBD_CtlReceiveStatus
 .text.disk_status
                0x080085ac       0x34 ./Middlewares/Third_Party/FatFs/src/diskio.o
                0x080085ac                disk_status
 .text.disk_initialize
                0x080085e0       0x50 ./Middlewares/Third_Party/FatFs/src/diskio.o
                0x080085e0                disk_initialize
 .text.disk_read
                0x08008630       0x40 ./Middlewares/Third_Party/FatFs/src/diskio.o
                0x08008630                disk_read
 .text.disk_write
                0x08008670       0x40 ./Middlewares/Third_Party/FatFs/src/diskio.o
                0x08008670                disk_write
 .text.ld_word  0x080086b0       0x32 ./Middlewares/Third_Party/FatFs/src/ff.o
 .text.ld_dword
                0x080086e2       0x46 ./Middlewares/Third_Party/FatFs/src/ff.o
 .text.st_word  0x08008728       0x36 ./Middlewares/Third_Party/FatFs/src/ff.o
 .text.st_dword
                0x0800875e       0x58 ./Middlewares/Third_Party/FatFs/src/ff.o
 .text.mem_set  0x080087b6       0x36 ./Middlewares/Third_Party/FatFs/src/ff.o
 .text.mem_cmp  0x080087ec       0x4e ./Middlewares/Third_Party/FatFs/src/ff.o
 .text.chk_chr  0x0800883a       0x36 ./Middlewares/Third_Party/FatFs/src/ff.o
 .text.clear_lock
                0x08008870       0x48 ./Middlewares/Third_Party/FatFs/src/ff.o
 .text.sync_window
                0x080088b8       0x88 ./Middlewares/Third_Party/FatFs/src/ff.o
 .text.move_window
                0x08008940       0x5a ./Middlewares/Third_Party/FatFs/src/ff.o
 .text.clust2sect
                0x0800899a       0x3e ./Middlewares/Third_Party/FatFs/src/ff.o
 .text.get_fat  0x080089d8      0x14e ./Middlewares/Third_Party/FatFs/src/ff.o
 .text.put_fat  0x08008b26      0x1d4 ./Middlewares/Third_Party/FatFs/src/ff.o
 .text.create_chain
                0x08008cfa      0x130 ./Middlewares/Third_Party/FatFs/src/ff.o
 .text.dir_sdi  0x08008e2a       0xf6 ./Middlewares/Third_Party/FatFs/src/ff.o
 .text.dir_next
                0x08008f20      0x18a ./Middlewares/Third_Party/FatFs/src/ff.o
 .text.ld_clust
                0x080090aa       0x3e ./Middlewares/Third_Party/FatFs/src/ff.o
 .text.dir_find
                0x080090e8       0xaa ./Middlewares/Third_Party/FatFs/src/ff.o
 .text.get_fileinfo
                0x08009192       0xc0 ./Middlewares/Third_Party/FatFs/src/ff.o
 *fill*         0x08009252        0x2 
 .text.create_name
                0x08009254      0x128 ./Middlewares/Third_Party/FatFs/src/ff.o
 .text.follow_path
                0x0800937c       0xe2 ./Middlewares/Third_Party/FatFs/src/ff.o
 .text.get_ldnumber
                0x0800945e       0x88 ./Middlewares/Third_Party/FatFs/src/ff.o
 *fill*         0x080094e6        0x2 
 .text.check_fs
                0x080094e8       0xac ./Middlewares/Third_Party/FatFs/src/ff.o
 .text.find_volume
                0x08009594      0x498 ./Middlewares/Third_Party/FatFs/src/ff.o
 .text.f_mount  0x08009a2c       0x8c ./Middlewares/Third_Party/FatFs/src/ff.o
                0x08009a2c                f_mount
 .text.f_stat   0x08009ab8       0x72 ./Middlewares/Third_Party/FatFs/src/ff.o
                0x08009ab8                f_stat
 *fill*         0x08009b2a        0x2 
 .text.FATFS_LinkDriverEx
                0x08009b2c       0x98 ./Middlewares/Third_Party/FatFs/src/ff_gen_drv.o
                0x08009b2c                FATFS_LinkDriverEx
 .text.FATFS_LinkDriver
                0x08009bc4       0x1e ./Middlewares/Third_Party/FatFs/src/ff_gen_drv.o
                0x08009bc4                FATFS_LinkDriver
 *fill*         0x08009be2        0x2 
 .text.MX_USB_DEVICE_Init
                0x08009be4       0x60 ./USB_DEVICE/App/usb_device.o
                0x08009be4                MX_USB_DEVICE_Init
 .text.USBD_FS_DeviceDescriptor
                0x08009c44       0x24 ./USB_DEVICE/App/usbd_desc.o
                0x08009c44                USBD_FS_DeviceDescriptor
 .text.USBD_FS_LangIDStrDescriptor
                0x08009c68       0x24 ./USB_DEVICE/App/usbd_desc.o
                0x08009c68                USBD_FS_LangIDStrDescriptor
 .text.USBD_FS_ProductStrDescriptor
                0x08009c8c       0x3c ./USB_DEVICE/App/usbd_desc.o
                0x08009c8c                USBD_FS_ProductStrDescriptor
 .text.USBD_FS_ManufacturerStrDescriptor
                0x08009cc8       0x28 ./USB_DEVICE/App/usbd_desc.o
                0x08009cc8                USBD_FS_ManufacturerStrDescriptor
 .text.USBD_FS_SerialStrDescriptor
                0x08009cf0       0x24 ./USB_DEVICE/App/usbd_desc.o
                0x08009cf0                USBD_FS_SerialStrDescriptor
 .text.USBD_FS_ConfigStrDescriptor
                0x08009d14       0x3c ./USB_DEVICE/App/usbd_desc.o
                0x08009d14                USBD_FS_ConfigStrDescriptor
 .text.USBD_FS_InterfaceStrDescriptor
                0x08009d50       0x3c ./USB_DEVICE/App/usbd_desc.o
                0x08009d50                USBD_FS_InterfaceStrDescriptor
 .text.USBD_FS_USR_BOSDescriptor
                0x08009d8c       0x24 ./USB_DEVICE/App/usbd_desc.o
                0x08009d8c                USBD_FS_USR_BOSDescriptor
 .text.Get_SerialNum
                0x08009db0       0x58 ./USB_DEVICE/App/usbd_desc.o
 .text.IntToUnicode
                0x08009e08       0x7e ./USB_DEVICE/App/usbd_desc.o
 .text.STORAGE_Init_FS
                0x08009e86       0x18 ./USB_DEVICE/App/usbd_storage_if.o
 .text.STORAGE_GetCapacity_FS
                0x08009e9e       0x2a ./USB_DEVICE/App/usbd_storage_if.o
 .text.STORAGE_IsReady_FS
                0x08009ec8       0x18 ./USB_DEVICE/App/usbd_storage_if.o
 .text.STORAGE_IsWriteProtected_FS
                0x08009ee0       0x18 ./USB_DEVICE/App/usbd_storage_if.o
 .text.STORAGE_Read_FS
                0x08009ef8       0x38 ./USB_DEVICE/App/usbd_storage_if.o
 .text.STORAGE_Write_FS
                0x08009f30       0x38 ./USB_DEVICE/App/usbd_storage_if.o
 .text.STORAGE_GetMaxLun_FS
                0x08009f68       0x10 ./USB_DEVICE/App/usbd_storage_if.o
 .text.HAL_PCD_MspInit
                0x08009f78       0xd4 ./USB_DEVICE/Target/usbd_conf.o
                0x08009f78                HAL_PCD_MspInit
 .text.HAL_PCD_SetupStageCallback
                0x0800a04c       0x24 ./USB_DEVICE/Target/usbd_conf.o
                0x0800a04c                HAL_PCD_SetupStageCallback
 .text.HAL_PCD_DataOutStageCallback
                0x0800a070       0x36 ./USB_DEVICE/Target/usbd_conf.o
                0x0800a070                HAL_PCD_DataOutStageCallback
 .text.HAL_PCD_DataInStageCallback
                0x0800a0a6       0x34 ./USB_DEVICE/Target/usbd_conf.o
                0x0800a0a6                HAL_PCD_DataInStageCallback
 .text.HAL_PCD_SOFCallback
                0x0800a0da       0x1c ./USB_DEVICE/Target/usbd_conf.o
                0x0800a0da                HAL_PCD_SOFCallback
 .text.HAL_PCD_ResetCallback
                0x0800a0f6       0x50 ./USB_DEVICE/Target/usbd_conf.o
                0x0800a0f6                HAL_PCD_ResetCallback
 *fill*         0x0800a146        0x2 
 .text.HAL_PCD_SuspendCallback
                0x0800a148       0x4c ./USB_DEVICE/Target/usbd_conf.o
                0x0800a148                HAL_PCD_SuspendCallback
 .text.HAL_PCD_ResumeCallback
                0x0800a194       0x1c ./USB_DEVICE/Target/usbd_conf.o
                0x0800a194                HAL_PCD_ResumeCallback
 .text.HAL_PCD_ISOOUTIncompleteCallback
                0x0800a1b0       0x24 ./USB_DEVICE/Target/usbd_conf.o
                0x0800a1b0                HAL_PCD_ISOOUTIncompleteCallback
 .text.HAL_PCD_ISOINIncompleteCallback
                0x0800a1d4       0x24 ./USB_DEVICE/Target/usbd_conf.o
                0x0800a1d4                HAL_PCD_ISOINIncompleteCallback
 .text.HAL_PCD_ConnectCallback
                0x0800a1f8       0x1c ./USB_DEVICE/Target/usbd_conf.o
                0x0800a1f8                HAL_PCD_ConnectCallback
 .text.HAL_PCD_DisconnectCallback
                0x0800a214       0x1c ./USB_DEVICE/Target/usbd_conf.o
                0x0800a214                HAL_PCD_DisconnectCallback
 .text.USBD_LL_Init
                0x0800a230       0x98 ./USB_DEVICE/Target/usbd_conf.o
                0x0800a230                USBD_LL_Init
 .text.USBD_LL_Start
                0x0800a2c8       0x36 ./USB_DEVICE/Target/usbd_conf.o
                0x0800a2c8                USBD_LL_Start
 .text.USBD_LL_OpenEP
                0x0800a2fe       0x4c ./USB_DEVICE/Target/usbd_conf.o
                0x0800a2fe                USBD_LL_OpenEP
 .text.USBD_LL_CloseEP
                0x0800a34a       0x3e ./USB_DEVICE/Target/usbd_conf.o
                0x0800a34a                USBD_LL_CloseEP
 .text.USBD_LL_FlushEP
                0x0800a388       0x3e ./USB_DEVICE/Target/usbd_conf.o
                0x0800a388                USBD_LL_FlushEP
 .text.USBD_LL_StallEP
                0x0800a3c6       0x3e ./USB_DEVICE/Target/usbd_conf.o
                0x0800a3c6                USBD_LL_StallEP
 .text.USBD_LL_ClearStallEP
                0x0800a404       0x3e ./USB_DEVICE/Target/usbd_conf.o
                0x0800a404                USBD_LL_ClearStallEP
 .text.USBD_LL_IsStallEP
                0x0800a442       0x58 ./USB_DEVICE/Target/usbd_conf.o
                0x0800a442                USBD_LL_IsStallEP
 .text.USBD_LL_SetUSBAddress
                0x0800a49a       0x3e ./USB_DEVICE/Target/usbd_conf.o
                0x0800a49a                USBD_LL_SetUSBAddress
 .text.USBD_LL_Transmit
                0x0800a4d8       0x42 ./USB_DEVICE/Target/usbd_conf.o
                0x0800a4d8                USBD_LL_Transmit
 .text.USBD_LL_PrepareReceive
                0x0800a51a       0x42 ./USB_DEVICE/Target/usbd_conf.o
                0x0800a51a                USBD_LL_PrepareReceive
 .text.USBD_LL_GetRxDataSize
                0x0800a55c       0x26 ./USB_DEVICE/Target/usbd_conf.o
                0x0800a55c                USBD_LL_GetRxDataSize
 *fill*         0x0800a582        0x2 
 .text.HAL_PCDEx_LPM_Callback
                0x0800a584       0x9c ./USB_DEVICE/Target/usbd_conf.o
                0x0800a584                HAL_PCDEx_LPM_Callback
 .text.USBD_static_malloc
                0x0800a620       0x1c ./USB_DEVICE/Target/usbd_conf.o
                0x0800a620                USBD_static_malloc
 .text.USBD_static_free
                0x0800a63c       0x14 ./USB_DEVICE/Target/usbd_conf.o
                0x0800a63c                USBD_static_free
 .text.USBD_Get_USB_Status
                0x0800a650       0x58 ./USB_DEVICE/Target/usbd_conf.o
                0x0800a650                USBD_Get_USB_Status
 .text.memset   0x0800a6a8       0x10 C:/ST/STM32CubeIDE_2.2.0/STM32CubeIDE/plugins/com.st.stm32cube.ide.mcu.externaltools.gnu-tools-for-stm32.14.3.rel1.win32_1.0.100.202602081740/tools/bin/../lib/gcc/arm-none-eabi/14.3.1/../../../../arm-none-eabi/lib/thumb/v7e-m+fp/hard\libc_nano.a(libc_a-memset.o)
                0x0800a6a8                memset
 .text.__libc_init_array
                0x0800a6b8       0x48 C:/ST/STM32CubeIDE_2.2.0/STM32CubeIDE/plugins/com.st.stm32cube.ide.mcu.externaltools.gnu-tools-for-stm32.14.3.rel1.win32_1.0.100.202602081740/tools/bin/../lib/gcc/arm-none-eabi/14.3.1/../../../../arm-none-eabi/lib/thumb/v7e-m+fp/hard\libc_nano.a(libc_a-init.o)
                0x0800a6b8                __libc_init_array
 .text.memcpy   0x0800a700       0x1c C:/ST/STM32CubeIDE_2.2.0/STM32CubeIDE/plugins/com.st.stm32cube.ide.mcu.externaltools.gnu-tools-for-stm32.14.3.rel1.win32_1.0.100.202602081740/tools/bin/../lib/gcc/arm-none-eabi/14.3.1/../../../../arm-none-eabi/lib/thumb/v7e-m+fp/hard\libc_nano.a(libc_a-memcpy-stub.o)
                0x0800a700                memcpy
 *(.glue_7)
 .glue_7        0x0800a71c        0x0 linker stubs
 *(.glue_7t)
 .glue_7t       0x0800a71c        0x0 linker stubs
 *(.eh_frame)
 .eh_frame      0x0800a71c        0x0 C:/ST/STM32CubeIDE_2.2.0/STM32CubeIDE/plugins/com.st.stm32cube.ide.mcu.externaltools.gnu-tools-for-stm32.14.3.rel1.win32_1.0.100.202602081740/tools/bin/../lib/gcc/arm-none-eabi/14.3.1/thumb/v7e-m+fp/hard/crtbegin.o
 *(.init)
 .init          0x0800a71c        0x4 C:/ST/STM32CubeIDE_2.2.0/STM32CubeIDE/plugins/com.st.stm32cube.ide.mcu.externaltools.gnu-tools-for-stm32.14.3.rel1.win32_1.0.100.202602081740/tools/bin/../lib/gcc/arm-none-eabi/14.3.1/thumb/v7e-m+fp/hard/crti.o
                0x0800a71c                _init
 .init          0x0800a720        0x8 C:/ST/STM32CubeIDE_2.2.0/STM32CubeIDE/plugins/com.st.stm32cube.ide.mcu.externaltools.gnu-tools-for-stm32.14.3.rel1.win32_1.0.100.202602081740/tools/bin/../lib/gcc/arm-none-eabi/14.3.1/thumb/v7e-m+fp/hard/crtn.o
 *(.fini)
 .fini          0x0800a728        0x4 C:/ST/STM32CubeIDE_2.2.0/STM32CubeIDE/plugins/com.st.stm32cube.ide.mcu.externaltools.gnu-tools-for-stm32.14.3.rel1.win32_1.0.100.202602081740/tools/bin/../lib/gcc/arm-none-eabi/14.3.1/thumb/v7e-m+fp/hard/crti.o
                0x0800a728                _fini
 .fini          0x0800a72c        0x8 C:/ST/STM32CubeIDE_2.2.0/STM32CubeIDE/plugins/com.st.stm32cube.ide.mcu.externaltools.gnu-tools-for-stm32.14.3.rel1.win32_1.0.100.202602081740/tools/bin/../lib/gcc/arm-none-eabi/14.3.1/thumb/v7e-m+fp/hard/crtn.o
                0x0800a734                        . = ALIGN (0x4)
                0x0800a734                        _etext = .

.vfp11_veneer   0x0800a734        0x0
 .vfp11_veneer  0x0800a734        0x0 linker stubs

.v4_bx          0x0800a734        0x0
 .v4_bx         0x0800a734        0x0 linker stubs

.iplt           0x0800a734        0x0
 .iplt          0x0800a734        0x0 C:/ST/STM32CubeIDE_2.2.0/STM32CubeIDE/plugins/com.st.stm32cube.ide.mcu.externaltools.gnu-tools-for-stm32.14.3.rel1.win32_1.0.100.202602081740/tools/bin/../lib/gcc/arm-none-eabi/14.3.1/thumb/v7e-m+fp/hard/crtbegin.o

.rodata         0x0800a734      0x140
                0x0800a734                        . = ALIGN (0x4)
 *(.rodata)
 .rodata        0x0800a734       0x10 ./Core/Src/main.o
 .rodata        0x0800a744       0x44 ./Middlewares/Third_Party/FatFs/src/ff.o
 .rodata        0x0800a788       0x36 ./USB_DEVICE/App/usbd_desc.o
 *(.rodata*)
 *fill*         0x0800a7be        0x2 
 .rodata.AHBPrescTable
                0x0800a7c0       0x10 ./Core/Src/system_stm32f4xx.o
                0x0800a7c0                AHBPrescTable
 .rodata.ExCvt  0x0800a7d0       0x80 ./Middlewares/Third_Party/FatFs/src/ff.o
 .rodata.STORAGE_Inquirydata_FS
                0x0800a850       0x24 ./USB_DEVICE/App/usbd_storage_if.o
                0x0800a850                STORAGE_Inquirydata_FS
                0x0800a874                        . = ALIGN (0x4)

.ARM.extab      0x0800a874        0x0
                0x0800a874                        . = ALIGN (0x4)
 *(.ARM.extab* .gnu.linkonce.armextab.*)
                0x0800a874                        . = ALIGN (0x4)

.ARM            0x0800a874        0x8
                0x0800a874                        . = ALIGN (0x4)
                0x0800a874                        __exidx_start = .
 *(.ARM.exidx*)
 .ARM.exidx     0x0800a874        0x8 C:/ST/STM32CubeIDE_2.2.0/STM32CubeIDE/plugins/com.st.stm32cube.ide.mcu.externaltools.gnu-tools-for-stm32.14.3.rel1.win32_1.0.100.202602081740/tools/bin/../lib/gcc/arm-none-eabi/14.3.1/thumb/v7e-m+fp/hard\libgcc.a(_udivmoddi4.o)
                0x0800a87c                        __exidx_end = .
                0x0800a87c                        . = ALIGN (0x4)

.preinit_array  0x0800a87c        0x0
                0x0800a87c                        . = ALIGN (0x4)
                0x0800a87c                        PROVIDE (__preinit_array_start = .)
 *(.preinit_array*)
                0x0800a87c                        PROVIDE (__preinit_array_end = .)
                0x0800a87c                        . = ALIGN (0x4)

.init_array     0x0800a87c        0x4
                0x0800a87c                        . = ALIGN (0x4)
                0x0800a87c                        PROVIDE (__init_array_start = .)
 *(SORT_BY_NAME(.init_array.*))
 *(.init_array*)
 .init_array    0x0800a87c        0x4 C:/ST/STM32CubeIDE_2.2.0/STM32CubeIDE/plugins/com.st.stm32cube.ide.mcu.externaltools.gnu-tools-for-stm32.14.3.rel1.win32_1.0.100.202602081740/tools/bin/../lib/gcc/arm-none-eabi/14.3.1/thumb/v7e-m+fp/hard/crtbegin.o
                0x0800a880                        PROVIDE (__init_array_end = .)
                0x0800a880                        . = ALIGN (0x4)

.fini_array     0x0800a880        0x4
                0x0800a880                        . = ALIGN (0x4)
                [!provide]                        PROVIDE (__fini_array_start = .)
 *(SORT_BY_NAME(.fini_array.*))
 *(.fini_array*)
 .fini_array    0x0800a880        0x4 C:/ST/STM32CubeIDE_2.2.0/STM32CubeIDE/plugins/com.st.stm32cube.ide.mcu.externaltools.gnu-tools-for-stm32.14.3.rel1.win32_1.0.100.202602081740/tools/bin/../lib/gcc/arm-none-eabi/14.3.1/thumb/v7e-m+fp/hard/crtbegin.o
                [!provide]                        PROVIDE (__fini_array_end = .)
                0x0800a884                        . = ALIGN (0x4)
                0x0800a884                        _sidata = LOADADDR (.data)

.rel.dyn        0x0800a884        0x0
 .rel.iplt      0x0800a884        0x0 C:/ST/STM32CubeIDE_2.2.0/STM32CubeIDE/plugins/com.st.stm32cube.ide.mcu.externaltools.gnu-tools-for-stm32.14.3.rel1.win32_1.0.100.202602081740/tools/bin/../lib/gcc/arm-none-eabi/14.3.1/thumb/v7e-m+fp/hard/crtbegin.o

.data           0x20000000      0x120 load address 0x0800a884
                0x20000000                        . = ALIGN (0x4)
                0x20000000                        _sdata = .
 *(.data)
 *(.data*)
 .data.SystemCoreClock
                0x20000000        0x4 ./Core/Src/system_stm32f4xx.o
                0x20000000                SystemCoreClock
 .data.uwTickPrio
                0x20000004        0x4 ./Drivers/STM32F4xx_HAL_Driver/Src/stm32f4xx_hal.o
                0x20000004                uwTickPrio
 .data.uwTickFreq
                0x20000008        0x1 ./Drivers/STM32F4xx_HAL_Driver/Src/stm32f4xx_hal.o
                0x20000008                uwTickFreq
 .data.Stat     0x20000009        0x1 ./FATFS/Target/user_diskio.o
 *fill*         0x2000000a        0x2 
 .data.USER_Driver
                0x2000000c       0x14 ./FATFS/Target/user_diskio.o
                0x2000000c                USER_Driver
 .data.USBD_MSC
                0x20000020       0x38 ./Middlewares/ST/STM32_USB_Device_Library/Class/MSC/Src/usbd_msc.o
                0x20000020                USBD_MSC
 .data.USBD_MSC_CfgDesc
                0x20000058       0x20 ./Middlewares/ST/STM32_USB_Device_Library/Class/MSC/Src/usbd_msc.o
 .data.USBD_MSC_DeviceQualifierDesc
                0x20000078        0xa ./Middlewares/ST/STM32_USB_Device_Library/Class/MSC/Src/usbd_msc.o
 .data.MSCInEpAdd
                0x20000082        0x1 ./Middlewares/ST/STM32_USB_Device_Library/Class/MSC/Src/usbd_msc.o
                0x20000082                MSCInEpAdd
 .data.MSCOutEpAdd
                0x20000083        0x1 ./Middlewares/ST/STM32_USB_Device_Library/Class/MSC/Src/usbd_msc.o
                0x20000083                MSCOutEpAdd
 .data.MSC_Page00_Inquiry_Data
                0x20000084        0x6 ./Middlewares/ST/STM32_USB_Device_Library/Class/MSC/Src/usbd_msc_data.o
                0x20000084                MSC_Page00_Inquiry_Data
 *fill*         0x2000008a        0x2 
 .data.MSC_Page80_Inquiry_Data
                0x2000008c        0x8 ./Middlewares/ST/STM32_USB_Device_Library/Class/MSC/Src/usbd_msc_data.o
                0x2000008c                MSC_Page80_Inquiry_Data
 .data.MSC_Mode_Sense6_data
                0x20000094        0x4 ./Middlewares/ST/STM32_USB_Device_Library/Class/MSC/Src/usbd_msc_data.o
                0x20000094                MSC_Mode_Sense6_data
 .data.MSC_Mode_Sense10_data
                0x20000098        0x8 ./Middlewares/ST/STM32_USB_Device_Library/Class/MSC/Src/usbd_msc_data.o
                0x20000098                MSC_Mode_Sense10_data
 .data.FS_Desc  0x200000a0       0x20 ./USB_DEVICE/App/usbd_desc.o
                0x200000a0                FS_Desc
 .data.USBD_FS_DeviceDesc
                0x200000c0       0x12 ./USB_DEVICE/App/usbd_desc.o
                0x200000c0                USBD_FS_DeviceDesc
 *fill*         0x200000d2        0x2 
 .data.USBD_FS_BOSDesc
                0x200000d4        0xc ./USB_DEVICE/App/usbd_desc.o
                0x200000d4                USBD_FS_BOSDesc
 .data.USBD_LangIDDesc
                0x200000e0        0x4 ./USB_DEVICE/App/usbd_desc.o
                0x200000e0                USBD_LangIDDesc
 .data.USBD_StringSerial
                0x200000e4       0x1a ./USB_DEVICE/App/usbd_desc.o
                0x200000e4                USBD_StringSerial
 *fill*         0x200000fe        0x2 
 .data.USBD_Storage_Interface_fops_FS
                0x20000100       0x20 ./USB_DEVICE/App/usbd_storage_if.o
                0x20000100                USBD_Storage_Interface_fops_FS
 *(.RamFunc)
 *(.RamFunc*)
                0x20000120                        . = ALIGN (0x4)
                0x20000120                        _edata = .

.igot.plt       0x20000120        0x0 load address 0x0800a9a4
 .igot.plt      0x20000120        0x0 C:/ST/STM32CubeIDE_2.2.0/STM32CubeIDE/plugins/com.st.stm32cube.ide.mcu.externaltools.gnu-tools-for-stm32.14.3.rel1.win32_1.0.100.202602081740/tools/bin/../lib/gcc/arm-none-eabi/14.3.1/thumb/v7e-m+fp/hard/crtbegin.o
                0x20000120                        . = ALIGN (0x4)

.bss            0x20000120     0xaf14 load address 0x0800a9a4
                0x20000120                        _sbss = .
                0x20000120                        __bss_start__ = _sbss
 *(.bss)
 .bss           0x20000120       0x1c C:/ST/STM32CubeIDE_2.2.0/STM32CubeIDE/plugins/com.st.stm32cube.ide.mcu.externaltools.gnu-tools-for-stm32.14.3.rel1.win32_1.0.100.202602081740/tools/bin/../lib/gcc/arm-none-eabi/14.3.1/thumb/v7e-m+fp/hard/crtbegin.o
 *(.bss*)
 .bss.ramdrive  0x2000013c     0xa000 ./Core/Src/main.o
                0x2000013c                ramdrive
 .bss.fileInfo  0x2000a13c       0x18 ./Core/Src/main.o
                0x2000a13c                fileInfo
 .bss.fr        0x2000a154        0x1 ./Core/Src/main.o
                0x2000a154                fr
 *fill*         0x2000a155        0x3 
 .bss.uwTick    0x2000a158        0x4 ./Drivers/STM32F4xx_HAL_Driver/Src/stm32f4xx_hal.o
                0x2000a158                uwTick
 .bss.retUSER   0x2000a15c        0x1 ./FATFS/App/fatfs.o
                0x2000a15c                retUSER
 *fill*         0x2000a15d        0x3 
 .bss.USERPath  0x2000a160        0x4 ./FATFS/App/fatfs.o
                0x2000a160                USERPath
 .bss.USERFatFS
                0x2000a164      0x230 ./FATFS/App/fatfs.o
                0x2000a164                USERFatFS
 .bss.MSC_Diagnostic_Data
                0x2000a394        0x8 ./Middlewares/ST/STM32_USB_Device_Library/Class/MSC/Src/usbd_msc_data.o
                0x2000a394                MSC_Diagnostic_Data
 .bss.lun_report.0
                0x2000a39c       0x18 ./Middlewares/ST/STM32_USB_Device_Library/Class/MSC/Src/usbd_msc_scsi.o
 .bss.cfgidx.0  0x2000a3b4        0x1 ./Middlewares/ST/STM32_USB_Device_Library/Core/Src/usbd_ctlreq.o
 *fill*         0x2000a3b5        0x3 
 .bss.FatFs     0x2000a3b8        0x4 ./Middlewares/Third_Party/FatFs/src/ff.o
 .bss.Fsid      0x2000a3bc        0x2 ./Middlewares/Third_Party/FatFs/src/ff.o
 *fill*         0x2000a3be        0x2 
 .bss.Files     0x2000a3c0       0x20 ./Middlewares/Third_Party/FatFs/src/ff.o
 .bss.disk      0x2000a3e0        0xc ./Middlewares/Third_Party/FatFs/src/ff_gen_drv.o
                0x2000a3e0                disk
 .bss.hUsbDeviceFS
                0x2000a3ec      0x2dc ./USB_DEVICE/App/usb_device.o
                0x2000a3ec                hUsbDeviceFS
 .bss.USBD_StrDesc
                0x2000a6c8      0x200 ./USB_DEVICE/App/usbd_desc.o
                0x2000a6c8                USBD_StrDesc
 .bss.hpcd_USB_OTG_FS
                0x2000a8c8      0x4e4 ./USB_DEVICE/Target/usbd_conf.o
                0x2000a8c8                hpcd_USB_OTG_FS
 .bss.mem.0     0x2000adac      0x288 ./USB_DEVICE/Target/usbd_conf.o
 *(COMMON)
                0x2000b034                        . = ALIGN (0x4)
                0x2000b034                        _ebss = .
                0x2000b034                        __bss_end__ = _ebss

._user_heap_stack
                0x2000b034      0x604 load address 0x0800a9a4
                0x2000b038                        . = ALIGN (0x8)
 *fill*         0x2000b034        0x4 
                [!provide]                        PROVIDE (end = .)
                0x2000b038                        PROVIDE (_end = .)
                0x2000b238                        . = (. + _Min_Heap_Size)
 *fill*         0x2000b038      0x200 
                0x2000b638                        . = (. + _Min_Stack_Size)
 *fill*         0x2000b238      0x400 
                0x2000b638                        . = ALIGN (0x8)

/DISCARD/
 libc.a(*)
 libm.a(*)
 libgcc.a(*)

.ARM.attributes
                0x00000000       0x30
 *(.ARM.attributes)
 .ARM.attributes
                0x00000000       0x22 C:/ST/STM32CubeIDE_2.2.0/STM32CubeIDE/plugins/com.st.stm32cube.ide.mcu.externaltools.gnu-tools-for-stm32.14.3.rel1.win32_1.0.100.202602081740/tools/bin/../lib/gcc/arm-none-eabi/14.3.1/thumb/v7e-m+fp/hard/crti.o
 .ARM.attributes
                0x00000022       0x34 C:/ST/STM32CubeIDE_2.2.0/STM32CubeIDE/plugins/com.st.stm32cube.ide.mcu.externaltools.gnu-tools-for-stm32.14.3.rel1.win32_1.0.100.202602081740/tools/bin/../lib/gcc/arm-none-eabi/14.3.1/thumb/v7e-m+fp/hard/crtbegin.o
 .ARM.attributes
                0x00000056       0x34 ./Core/Src/main.o
 .ARM.attributes
                0x0000008a       0x34 ./Core/Src/ram_driver.o
 .ARM.attributes
                0x000000be       0x34 ./Core/Src/stm32f4xx_hal_msp.o
 .ARM.attributes
                0x000000f2       0x34 ./Core/Src/stm32f4xx_it.o
 .ARM.attributes
                0x00000126       0x34 ./Core/Src/system_stm32f4xx.o
 .ARM.attributes
                0x0000015a       0x21 ./Core/Startup/startup_stm32f446retx.o
 .ARM.attributes
                0x0000017b       0x34 ./Drivers/STM32F4xx_HAL_Driver/Src/stm32f4xx_hal.o
 .ARM.attributes
                0x000001af       0x34 ./Drivers/STM32F4xx_HAL_Driver/Src/stm32f4xx_hal_cortex.o
 .ARM.attributes
                0x000001e3       0x34 ./Drivers/STM32F4xx_HAL_Driver/Src/stm32f4xx_hal_gpio.o
 .ARM.attributes
                0x00000217       0x34 ./Drivers/STM32F4xx_HAL_Driver/Src/stm32f4xx_hal_pcd.o
 .ARM.attributes
                0x0000024b       0x34 ./Drivers/STM32F4xx_HAL_Driver/Src/stm32f4xx_hal_pcd_ex.o
 .ARM.attributes
                0x0000027f       0x34 ./Drivers/STM32F4xx_HAL_Driver/Src/stm32f4xx_hal_rcc.o
 .ARM.attributes
                0x000002b3       0x34 ./Drivers/STM32F4xx_HAL_Driver/Src/stm32f4xx_hal_rcc_ex.o
 .ARM.attributes
                0x000002e7       0x34 ./Drivers/STM32F4xx_HAL_Driver/Src/stm32f4xx_ll_usb.o
 .ARM.attributes
                0x0000031b       0x34 ./FATFS/App/fatfs.o
 .ARM.attributes
                0x0000034f       0x34 ./FATFS/Target/user_diskio.o
 .ARM.attributes
                0x00000383       0x34 ./Middlewares/ST/STM32_USB_Device_Library/Class/MSC/Src/usbd_msc.o
 .ARM.attributes
                0x000003b7       0x34 ./Middlewares/ST/STM32_USB_Device_Library/Class/MSC/Src/usbd_msc_bot.o
 .ARM.attributes
                0x000003eb       0x34 ./Middlewares/ST/STM32_USB_Device_Library/Class/MSC/Src/usbd_msc_data.o
 .ARM.attributes
                0x0000041f       0x34 ./Middlewares/ST/STM32_USB_Device_Library/Class/MSC/Src/usbd_msc_scsi.o
 .ARM.attributes
                0x00000453       0x34 ./Middlewares/ST/STM32_USB_Device_Library/Core/Src/usbd_core.o
 .ARM.attributes
                0x00000487       0x34 ./Middlewares/ST/STM32_USB_Device_Library/Core/Src/usbd_ctlreq.o
 .ARM.attributes
                0x000004bb       0x34 ./Middlewares/ST/STM32_USB_Device_Library/Core/Src/usbd_ioreq.o
 .ARM.attributes
                0x000004ef       0x34 ./Middlewares/Third_Party/FatFs/src/diskio.o
 .ARM.attributes
                0x00000523       0x34 ./Middlewares/Third_Party/FatFs/src/ff.o
 .ARM.attributes
                0x00000557       0x34 ./Middlewares/Third_Party/FatFs/src/ff_gen_drv.o
 .ARM.attributes
                0x0000058b       0x34 ./USB_DEVICE/App/usb_device.o
 .ARM.attributes
                0x000005bf       0x34 ./USB_DEVICE/App/usbd_desc.o
 .ARM.attributes
                0x000005f3       0x34 ./USB_DEVICE/App/usbd_storage_if.o
 .ARM.attributes
                0x00000627       0x34 ./USB_DEVICE/Target/usbd_conf.o
 .ARM.attributes
                0x0000065b       0x34 C:/ST/STM32CubeIDE_2.2.0/STM32CubeIDE/plugins/com.st.stm32cube.ide.mcu.externaltools.gnu-tools-for-stm32.14.3.rel1.win32_1.0.100.202602081740/tools/bin/../lib/gcc/arm-none-eabi/14.3.1/../../../../arm-none-eabi/lib/thumb/v7e-m+fp/hard\libc_nano.a(libc_a-memset.o)
 .ARM.attributes
                0x0000068f       0x34 C:/ST/STM32CubeIDE_2.2.0/STM32CubeIDE/plugins/com.st.stm32cube.ide.mcu.externaltools.gnu-tools-for-stm32.14.3.rel1.win32_1.0.100.202602081740/tools/bin/../lib/gcc/arm-none-eabi/14.3.1/../../../../arm-none-eabi/lib/thumb/v7e-m+fp/hard\libc_nano.a(libc_a-init.o)
 .ARM.attributes
                0x000006c3       0x34 C:/ST/STM32CubeIDE_2.2.0/STM32CubeIDE/plugins/com.st.stm32cube.ide.mcu.externaltools.gnu-tools-for-stm32.14.3.rel1.win32_1.0.100.202602081740/tools/bin/../lib/gcc/arm-none-eabi/14.3.1/../../../../arm-none-eabi/lib/thumb/v7e-m+fp/hard\libc_nano.a(libc_a-memcpy-stub.o)
 .ARM.attributes
                0x000006f7       0x22 C:/ST/STM32CubeIDE_2.2.0/STM32CubeIDE/plugins/com.st.stm32cube.ide.mcu.externaltools.gnu-tools-for-stm32.14.3.rel1.win32_1.0.100.202602081740/tools/bin/../lib/gcc/arm-none-eabi/14.3.1/thumb/v7e-m+fp/hard\libgcc.a(_aeabi_uldivmod.o)
 .ARM.attributes
                0x00000719       0x34 C:/ST/STM32CubeIDE_2.2.0/STM32CubeIDE/plugins/com.st.stm32cube.ide.mcu.externaltools.gnu-tools-for-stm32.14.3.rel1.win32_1.0.100.202602081740/tools/bin/../lib/gcc/arm-none-eabi/14.3.1/thumb/v7e-m+fp/hard\libgcc.a(_udivmoddi4.o)
 .ARM.attributes
                0x0000074d       0x22 C:/ST/STM32CubeIDE_2.2.0/STM32CubeIDE/plugins/com.st.stm32cube.ide.mcu.externaltools.gnu-tools-for-stm32.14.3.rel1.win32_1.0.100.202602081740/tools/bin/../lib/gcc/arm-none-eabi/14.3.1/thumb/v7e-m+fp/hard\libgcc.a(_dvmd_tls.o)
 .ARM.attributes
                0x0000076f       0x22 C:/ST/STM32CubeIDE_2.2.0/STM32CubeIDE/plugins/com.st.stm32cube.ide.mcu.externaltools.gnu-tools-for-stm32.14.3.rel1.win32_1.0.100.202602081740/tools/bin/../lib/gcc/arm-none-eabi/14.3.1/thumb/v7e-m+fp/hard/crtn.o
OUTPUT(DZ8.elf elf32-littlearm)
LOAD linker stubs
LOAD C:/ST/STM32CubeIDE_2.2.0/STM32CubeIDE/plugins/com.st.stm32cube.ide.mcu.externaltools.gnu-tools-for-stm32.14.3.rel1.win32_1.0.100.202602081740/tools/bin/../lib/gcc/arm-none-eabi/14.3.1/../../../../arm-none-eabi/lib/thumb/v7e-m+fp/hard\libc.a
LOAD C:/ST/STM32CubeIDE_2.2.0/STM32CubeIDE/plugins/com.st.stm32cube.ide.mcu.externaltools.gnu-tools-for-stm32.14.3.rel1.win32_1.0.100.202602081740/tools/bin/../lib/gcc/arm-none-eabi/14.3.1/../../../../arm-none-eabi/lib/thumb/v7e-m+fp/hard\libm.a
LOAD C:/ST/STM32CubeIDE_2.2.0/STM32CubeIDE/plugins/com.st.stm32cube.ide.mcu.externaltools.gnu-tools-for-stm32.14.3.rel1.win32_1.0.100.202602081740/tools/bin/../lib/gcc/arm-none-eabi/14.3.1/thumb/v7e-m+fp/hard\libgcc.a

.debug_info     0x00000000    0x13227
 .debug_info    0x00000000      0x9f7 ./Core/Src/main.o
 .debug_info    0x000009f7       0xee ./Core/Src/ram_driver.o
 .debug_info    0x00000ae5      0x2a0 ./Core/Src/stm32f4xx_hal_msp.o
 .debug_info    0x00000d85      0x68c ./Core/Src/stm32f4xx_it.o
 .debug_info    0x00001411      0x54a ./Core/Src/system_stm32f4xx.o
 .debug_info    0x0000195b       0x30 ./Core/Startup/startup_stm32f446retx.o
 .debug_info    0x0000198b      0x99a ./Drivers/STM32F4xx_HAL_Driver/Src/stm32f4xx_hal.o
 .debug_info    0x00002325      0xdaa ./Drivers/STM32F4xx_HAL_Driver/Src/stm32f4xx_hal_cortex.o
 .debug_info    0x000030cf      0x70b ./Drivers/STM32F4xx_HAL_Driver/Src/stm32f4xx_hal_gpio.o
 .debug_info    0x000037da     0x15e3 ./Drivers/STM32F4xx_HAL_Driver/Src/stm32f4xx_hal_pcd.o
 .debug_info    0x00004dbd      0x7b4 ./Drivers/STM32F4xx_HAL_Driver/Src/stm32f4xx_hal_pcd_ex.o
 .debug_info    0x00005571      0x8ff ./Drivers/STM32F4xx_HAL_Driver/Src/stm32f4xx_hal_rcc.o
 .debug_info    0x00005e70      0x960 ./Drivers/STM32F4xx_HAL_Driver/Src/stm32f4xx_hal_rcc_ex.o
 .debug_info    0x000067d0     0x19f1 ./Drivers/STM32F4xx_HAL_Driver/Src/stm32f4xx_ll_usb.o
 .debug_info    0x000081c1      0x4cb ./FATFS/App/fatfs.o
 .debug_info    0x0000868c      0x393 ./FATFS/Target/user_diskio.o
 .debug_info    0x00008a1f      0xe1e ./Middlewares/ST/STM32_USB_Device_Library/Class/MSC/Src/usbd_msc.o
 .debug_info    0x0000983d      0xcac ./Middlewares/ST/STM32_USB_Device_Library/Class/MSC/Src/usbd_msc_bot.o
 .debug_info    0x0000a4e9      0x12d ./Middlewares/ST/STM32_USB_Device_Library/Class/MSC/Src/usbd_msc_data.o
 .debug_info    0x0000a616     0x13e3 ./Middlewares/ST/STM32_USB_Device_Library/Class/MSC/Src/usbd_msc_scsi.o
 .debug_info    0x0000b9f9      0xe1f ./Middlewares/ST/STM32_USB_Device_Library/Core/Src/usbd_core.o
 .debug_info    0x0000c818      0xaf8 ./Middlewares/ST/STM32_USB_Device_Library/Core/Src/usbd_ctlreq.o
 .debug_info    0x0000d310      0x76f ./Middlewares/ST/STM32_USB_Device_Library/Core/Src/usbd_ioreq.o
 .debug_info    0x0000da7f      0x3df ./Middlewares/Third_Party/FatFs/src/diskio.o
 .debug_info    0x0000de5e     0x20ea ./Middlewares/Third_Party/FatFs/src/ff.o
 .debug_info    0x0000ff48      0x37f ./Middlewares/Third_Party/FatFs/src/ff_gen_drv.o
 .debug_info    0x000102c7      0x758 ./USB_DEVICE/App/usb_device.o
 .debug_info    0x00010a1f      0x4ba ./USB_DEVICE/App/usbd_desc.o
 .debug_info    0x00010ed9      0x3f5 ./USB_DEVICE/App/usbd_storage_if.o
 .debug_info    0x000112ce     0x1f59 ./USB_DEVICE/Target/usbd_conf.o

.debug_abbrev   0x00000000     0x3b33
 .debug_abbrev  0x00000000      0x26d ./Core/Src/main.o
 .debug_abbrev  0x0000026d       0xa7 ./Core/Src/ram_driver.o
 .debug_abbrev  0x00000314       0xd8 ./Core/Src/stm32f4xx_hal_msp.o
 .debug_abbrev  0x000003ec      0x1a4 ./Core/Src/stm32f4xx_it.o
 .debug_abbrev  0x00000590      0x11a ./Core/Src/system_stm32f4xx.o
 .debug_abbrev  0x000006aa       0x24 ./Core/Startup/startup_stm32f446retx.o
 .debug_abbrev  0x000006ce      0x214 ./Drivers/STM32F4xx_HAL_Driver/Src/stm32f4xx_hal.o
 .debug_abbrev  0x000008e2      0x31d ./Drivers/STM32F4xx_HAL_Driver/Src/stm32f4xx_hal_cortex.o
 .debug_abbrev  0x00000bff      0x1d4 ./Drivers/STM32F4xx_HAL_Driver/Src/stm32f4xx_hal_gpio.o
 .debug_abbrev  0x00000dd3      0x2d0 ./Drivers/STM32F4xx_HAL_Driver/Src/stm32f4xx_hal_pcd.o
 .debug_abbrev  0x000010a3      0x1dd ./Drivers/STM32F4xx_HAL_Driver/Src/stm32f4xx_hal_pcd_ex.o
 .debug_abbrev  0x00001280      0x2b7 ./Drivers/STM32F4xx_HAL_Driver/Src/stm32f4xx_hal_rcc.o
 .debug_abbrev  0x00001537      0x211 ./Drivers/STM32F4xx_HAL_Driver/Src/stm32f4xx_hal_rcc_ex.o
 .debug_abbrev  0x00001748      0x2b3 ./Drivers/STM32F4xx_HAL_Driver/Src/stm32f4xx_ll_usb.o
 .debug_abbrev  0x000019fb      0x15e ./FATFS/App/fatfs.o
 .debug_abbrev  0x00001b59      0x19f ./FATFS/Target/user_diskio.o
 .debug_abbrev  0x00001cf8      0x316 ./Middlewares/ST/STM32_USB_Device_Library/Class/MSC/Src/usbd_msc.o
 .debug_abbrev  0x0000200e      0x2dc ./Middlewares/ST/STM32_USB_Device_Library/Class/MSC/Src/usbd_msc_bot.o
 .debug_abbrev  0x000022ea       0x6f ./Middlewares/ST/STM32_USB_Device_Library/Class/MSC/Src/usbd_msc_data.o
 .debug_abbrev  0x00002359      0x313 ./Middlewares/ST/STM32_USB_Device_Library/Class/MSC/Src/usbd_msc_scsi.o
 .debug_abbrev  0x0000266c      0x27c ./Middlewares/ST/STM32_USB_Device_Library/Core/Src/usbd_core.o
 .debug_abbrev  0x000028e8      0x26f ./Middlewares/ST/STM32_USB_Device_Library/Core/Src/usbd_ctlreq.o
 .debug_abbrev  0x00002b57      0x19a ./Middlewares/ST/STM32_USB_Device_Library/Core/Src/usbd_ioreq.o
 .debug_abbrev  0x00002cf1      0x181 ./Middlewares/Third_Party/FatFs/src/diskio.o
 .debug_abbrev  0x00002e72      0x280 ./Middlewares/Third_Party/FatFs/src/ff.o
 .debug_abbrev  0x000030f2      0x19f ./Middlewares/Third_Party/FatFs/src/ff_gen_drv.o
 .debug_abbrev  0x00003291      0x194 ./USB_DEVICE/App/usb_device.o
 .debug_abbrev  0x00003425      0x1e3 ./USB_DEVICE/App/usbd_desc.o
 .debug_abbrev  0x00003608      0x1ea ./USB_DEVICE/App/usbd_storage_if.o
 .debug_abbrev  0x000037f2      0x341 ./USB_DEVICE/Target/usbd_conf.o

.debug_aranges  0x00000000     0x1028
 .debug_aranges
                0x00000000       0x38 ./Core/Src/main.o
 .debug_aranges
                0x00000038       0x20 ./Core/Src/ram_driver.o
 .debug_aranges
                0x00000058       0x20 ./Core/Src/stm32f4xx_hal_msp.o
 .debug_aranges
                0x00000078       0x68 ./Core/Src/stm32f4xx_it.o
 .debug_aranges
                0x000000e0       0x28 ./Core/Src/system_stm32f4xx.o
 .debug_aranges
                0x00000108       0x28 ./Core/Startup/startup_stm32f446retx.o
 .debug_aranges
                0x00000130       0xf0 ./Drivers/STM32F4xx_HAL_Driver/Src/stm32f4xx_hal.o
 .debug_aranges
                0x00000220      0x130 ./Drivers/STM32F4xx_HAL_Driver/Src/stm32f4xx_hal_cortex.o
 .debug_aranges
                0x00000350       0x58 ./Drivers/STM32F4xx_HAL_Driver/Src/stm32f4xx_hal_gpio.o
 .debug_aranges
                0x000003a8      0x148 ./Drivers/STM32F4xx_HAL_Driver/Src/stm32f4xx_hal_pcd.o
 .debug_aranges
                0x000004f0       0x48 ./Drivers/STM32F4xx_HAL_Driver/Src/stm32f4xx_hal_pcd_ex.o
 .debug_aranges
                0x00000538       0x88 ./Drivers/STM32F4xx_HAL_Driver/Src/stm32f4xx_hal_rcc.o
 .debug_aranges
                0x000005c0       0x78 ./Drivers/STM32F4xx_HAL_Driver/Src/stm32f4xx_hal_rcc_ex.o
 .debug_aranges
                0x00000638      0x1a0 ./Drivers/STM32F4xx_HAL_Driver/Src/stm32f4xx_ll_usb.o
 .debug_aranges
                0x000007d8       0x28 ./FATFS/App/fatfs.o
 .debug_aranges
                0x00000800       0x40 ./FATFS/Target/user_diskio.o
 .debug_aranges
                0x00000840       0x68 ./Middlewares/ST/STM32_USB_Device_Library/Class/MSC/Src/usbd_msc.o
 .debug_aranges
                0x000008a8       0x68 ./Middlewares/ST/STM32_USB_Device_Library/Class/MSC/Src/usbd_msc_bot.o
 .debug_aranges
                0x00000910       0x18 ./Middlewares/ST/STM32_USB_Device_Library/Class/MSC/Src/usbd_msc_data.o
 .debug_aranges
                0x00000928       0xd0 ./Middlewares/ST/STM32_USB_Device_Library/Class/MSC/Src/usbd_msc_scsi.o
 .debug_aranges
                0x000009f8       0xd8 ./Middlewares/ST/STM32_USB_Device_Library/Core/Src/usbd_core.o
 .debug_aranges
                0x00000ad0       0x90 ./Middlewares/ST/STM32_USB_Device_Library/Core/Src/usbd_ctlreq.o
 .debug_aranges
                0x00000b60       0x50 ./Middlewares/ST/STM32_USB_Device_Library/Core/Src/usbd_ioreq.o
 .debug_aranges
                0x00000bb0       0x48 ./Middlewares/Third_Party/FatFs/src/diskio.o
 .debug_aranges
                0x00000bf8      0x200 ./Middlewares/Third_Party/FatFs/src/ff.o
 .debug_aranges
                0x00000df8       0x40 ./Middlewares/Third_Party/FatFs/src/ff_gen_drv.o
 .debug_aranges
                0x00000e38       0x20 ./USB_DEVICE/App/usb_device.o
 .debug_aranges
                0x00000e58       0x68 ./USB_DEVICE/App/usbd_desc.o
 .debug_aranges
                0x00000ec0       0x50 ./USB_DEVICE/App/usbd_storage_if.o
 .debug_aranges
                0x00000f10      0x118 ./USB_DEVICE/Target/usbd_conf.o

.debug_rnglists
                0x00000000      0xbf7
 .debug_rnglists
                0x00000000       0x28 ./Core/Src/main.o
 .debug_rnglists
                0x00000028       0x13 ./Core/Src/ram_driver.o
 .debug_rnglists
                0x0000003b       0x13 ./Core/Src/stm32f4xx_hal_msp.o
 .debug_rnglists
                0x0000004e       0x49 ./Core/Src/stm32f4xx_it.o
 .debug_rnglists
                0x00000097       0x1a ./Core/Src/system_stm32f4xx.o
 .debug_rnglists
                0x000000b1       0x19 ./Core/Startup/startup_stm32f446retx.o
 .debug_rnglists
                0x000000ca       0xaf ./Drivers/STM32F4xx_HAL_Driver/Src/stm32f4xx_hal.o
 .debug_rnglists
                0x00000179       0xe0 ./Drivers/STM32F4xx_HAL_Driver/Src/stm32f4xx_hal_cortex.o
 .debug_rnglists
                0x00000259       0x3f ./Drivers/STM32F4xx_HAL_Driver/Src/stm32f4xx_hal_gpio.o
 .debug_rnglists
                0x00000298       0xfa ./Drivers/STM32F4xx_HAL_Driver/Src/stm32f4xx_hal_pcd.o
 .debug_rnglists
                0x00000392       0x32 ./Drivers/STM32F4xx_HAL_Driver/Src/stm32f4xx_hal_pcd_ex.o
 .debug_rnglists
                0x000003c4       0x66 ./Drivers/STM32F4xx_HAL_Driver/Src/stm32f4xx_hal_rcc.o
 .debug_rnglists
                0x0000042a       0x5e ./Drivers/STM32F4xx_HAL_Driver/Src/stm32f4xx_hal_rcc_ex.o
 .debug_rnglists
                0x00000488      0x147 ./Drivers/STM32F4xx_HAL_Driver/Src/stm32f4xx_ll_usb.o
 .debug_rnglists
                0x000005cf       0x19 ./FATFS/App/fatfs.o
 .debug_rnglists
                0x000005e8       0x2b ./FATFS/Target/user_diskio.o
 .debug_rnglists
                0x00000613       0x4c ./Middlewares/ST/STM32_USB_Device_Library/Class/MSC/Src/usbd_msc.o
 .debug_rnglists
                0x0000065f       0x4c ./Middlewares/ST/STM32_USB_Device_Library/Class/MSC/Src/usbd_msc_bot.o
 .debug_rnglists
                0x000006ab       0xaa ./Middlewares/ST/STM32_USB_Device_Library/Class/MSC/Src/usbd_msc_scsi.o
 .debug_rnglists
                0x00000755       0xa1 ./Middlewares/ST/STM32_USB_Device_Library/Core/Src/usbd_core.o
 .debug_rnglists
                0x000007f6       0x6e ./Middlewares/ST/STM32_USB_Device_Library/Core/Src/usbd_ctlreq.o
 .debug_rnglists
                0x00000864       0x37 ./Middlewares/ST/STM32_USB_Device_Library/Core/Src/usbd_ioreq.o
 .debug_rnglists
                0x0000089b       0x31 ./Middlewares/Third_Party/FatFs/src/diskio.o
 .debug_rnglists
                0x000008cc      0x19c ./Middlewares/Third_Party/FatFs/src/ff.o
 .debug_rnglists
                0x00000a68       0x2c ./Middlewares/Third_Party/FatFs/src/ff_gen_drv.o
 .debug_rnglists
                0x00000a94       0x13 ./USB_DEVICE/App/usb_device.o
 .debug_rnglists
                0x00000aa7       0x49 ./USB_DEVICE/App/usbd_desc.o
 .debug_rnglists
                0x00000af0       0x37 ./USB_DEVICE/App/usbd_storage_if.o
 .debug_rnglists
                0x00000b27       0xd0 ./USB_DEVICE/Target/usbd_conf.o

.debug_macro    0x00000000    0x269f6
 .debug_macro   0x00000000      0x3c5 ./Core/Src/main.o
 .debug_macro   0x000003c5      0xad8 ./Core/Src/main.o
 .debug_macro   0x00000e9d      0x295 ./Core/Src/main.o
 .debug_macro   0x00001132       0x2e ./Core/Src/main.o
 .debug_macro   0x00001160       0x28 ./Core/Src/main.o
 .debug_macro   0x00001188       0x22 ./Core/Src/main.o
 .debug_macro   0x000011aa       0x8e ./Core/Src/main.o
 .debug_macro   0x00001238       0x51 ./Core/Src/main.o
 .debug_macro   0x00001289      0x103 ./Core/Src/main.o
 .debug_macro   0x0000138c       0x6a ./Core/Src/main.o
 .debug_macro   0x000013f6      0x1df ./Core/Src/main.o
 .debug_macro   0x000015d5       0x1c ./Core/Src/main.o
 .debug_macro   0x000015f1       0x22 ./Core/Src/main.o
 .debug_macro   0x00001613       0xfb ./Core/Src/main.o
 .debug_macro   0x0000170e     0x1011 ./Core/Src/main.o
 .debug_macro   0x0000271f      0x11f ./Core/Src/main.o
 .debug_macro   0x0000283e    0x1675e ./Core/Src/main.o
 .debug_macro   0x00018f9c       0x6d ./Core/Src/main.o
 .debug_macro   0x00019009     0x3693 ./Core/Src/main.o
 .debug_macro   0x0001c69c      0x190 ./Core/Src/main.o
 .debug_macro   0x0001c82c       0x5c ./Core/Src/main.o
 .debug_macro   0x0001c888      0xca5 ./Core/Src/main.o
 .debug_macro   0x0001d52d      0x9e9 ./Core/Src/main.o
 .debug_macro   0x0001df16      0x115 ./Core/Src/main.o
 .debug_macro   0x0001e02b      0x1a0 ./Core/Src/main.o
 .debug_macro   0x0001e1cb       0xa5 ./Core/Src/main.o
 .debug_macro   0x0001e270      0x16d ./Core/Src/main.o
 .debug_macro   0x0001e3dd      0x287 ./Core/Src/main.o
 .debug_macro   0x0001e664       0x5f ./Core/Src/main.o
 .debug_macro   0x0001e6c3      0x236 ./Core/Src/main.o
 .debug_macro   0x0001e8f9      0x132 ./Core/Src/main.o
 .debug_macro   0x0001ea2b      0x29c ./Core/Src/main.o
 .debug_macro   0x0001ecc7       0x2e ./Core/Src/main.o
 .debug_macro   0x0001ecf5      0x127 ./Core/Src/main.o
 .debug_macro   0x0001ee1c       0xe8 ./Core/Src/main.o
 .debug_macro   0x0001ef04       0x89 ./Core/Src/main.o
 .debug_macro   0x0001ef8d      0x293 ./Core/Src/main.o
 .debug_macro   0x0001f220       0xba ./Core/Src/main.o
 .debug_macro   0x0001f2da      0x126 ./Core/Src/main.o
 .debug_macro   0x0001f400       0x16 ./Core/Src/main.o
 .debug_macro   0x0001f416       0x61 ./Core/Src/main.o
 .debug_macro   0x0001f477       0x2a ./Core/Src/main.o
 .debug_macro   0x0001f4a1       0x43 ./Core/Src/main.o
 .debug_macro   0x0001f4e4       0x3a ./Core/Src/main.o
 .debug_macro   0x0001f51e       0x3c ./Core/Src/main.o
 .debug_macro   0x0001f55a      0x460 ./Core/Src/main.o
 .debug_macro   0x0001f9ba      0x364 ./Core/Src/main.o
 .debug_macro   0x0001fd1e       0x16 ./Core/Src/main.o
 .debug_macro   0x0001fd34       0x4a ./Core/Src/main.o
 .debug_macro   0x0001fd7e       0x34 ./Core/Src/main.o
 .debug_macro   0x0001fdb2       0x10 ./Core/Src/main.o
 .debug_macro   0x0001fdc2       0x58 ./Core/Src/main.o
 .debug_macro   0x0001fe1a       0x8e ./Core/Src/main.o
 .debug_macro   0x0001fea8       0x1c ./Core/Src/main.o
 .debug_macro   0x0001fec4      0x17e ./Core/Src/main.o
 .debug_macro   0x00020042       0x10 ./Core/Src/main.o
 .debug_macro   0x00020052       0x20 ./Core/Src/main.o
 .debug_macro   0x00020072       0x10 ./Core/Src/main.o
 .debug_macro   0x00020082       0xeb ./Core/Src/main.o
 .debug_macro   0x0002016d       0x16 ./Core/Src/main.o
 .debug_macro   0x00020183       0x16 ./Core/Src/main.o
 .debug_macro   0x00020199       0x29 ./Core/Src/main.o
 .debug_macro   0x000201c2       0x12 ./Core/Src/main.o
 .debug_macro   0x000201d4       0xe2 ./Core/Src/main.o
 .debug_macro   0x000202b6       0x8e ./Core/Src/main.o
 .debug_macro   0x00020344       0x1c ./Core/Src/main.o
 .debug_macro   0x00020360       0x10 ./Core/Src/main.o
 .debug_macro   0x00020370       0x1c ./Core/Src/main.o
 .debug_macro   0x0002038c       0x16 ./Core/Src/main.o
 .debug_macro   0x000203a2      0x146 ./Core/Src/main.o
 .debug_macro   0x000204e8       0x6b ./Core/Src/main.o
 .debug_macro   0x00020553      0x20f ./Core/Src/main.o
 .debug_macro   0x00020762      0x151 ./Core/Src/ram_driver.o
 .debug_macro   0x000208b3       0x5b ./Core/Src/ram_driver.o
 .debug_macro   0x0002090e       0x94 ./Core/Src/ram_driver.o
 .debug_macro   0x000209a2       0x57 ./Core/Src/ram_driver.o
 .debug_macro   0x000209f9       0x89 ./Core/Src/ram_driver.o
 .debug_macro   0x00020a82      0x119 ./Core/Src/ram_driver.o
 .debug_macro   0x00020b9b      0x2d2 ./Core/Src/stm32f4xx_hal_msp.o
 .debug_macro   0x00020e6d      0x2dc ./Core/Src/stm32f4xx_it.o
 .debug_macro   0x00021149      0x1d4 ./Core/Src/system_stm32f4xx.o
 .debug_macro   0x0002131d      0x234 ./Drivers/STM32F4xx_HAL_Driver/Src/stm32f4xx_hal.o
 .debug_macro   0x00021551      0x1d4 ./Drivers/STM32F4xx_HAL_Driver/Src/stm32f4xx_hal_cortex.o
 .debug_macro   0x00021725      0x1da ./Drivers/STM32F4xx_HAL_Driver/Src/stm32f4xx_hal_gpio.o
 .debug_macro   0x000218ff      0x1e0 ./Drivers/STM32F4xx_HAL_Driver/Src/stm32f4xx_hal_pcd.o
 .debug_macro   0x00021adf      0x1d4 ./Drivers/STM32F4xx_HAL_Driver/Src/stm32f4xx_hal_pcd_ex.o
 .debug_macro   0x00021cb3      0x1f8 ./Drivers/STM32F4xx_HAL_Driver/Src/stm32f4xx_hal_rcc.o
 .debug_macro   0x00021eab      0x1d4 ./Drivers/STM32F4xx_HAL_Driver/Src/stm32f4xx_hal_rcc_ex.o
 .debug_macro   0x0002207f      0x1d4 ./Drivers/STM32F4xx_HAL_Driver/Src/stm32f4xx_ll_usb.o
 .debug_macro   0x00022253      0x363 ./FATFS/App/fatfs.o
 .debug_macro   0x000225b6       0xe5 ./FATFS/App/fatfs.o
 .debug_macro   0x0002269b      0x353 ./FATFS/Target/user_diskio.o
 .debug_macro   0x000229ee       0x16 ./FATFS/Target/user_diskio.o
 .debug_macro   0x00022a04       0x7c ./FATFS/Target/user_diskio.o
 .debug_macro   0x00022a80       0x56 ./FATFS/Target/user_diskio.o
 .debug_macro   0x00022ad6       0x10 ./FATFS/Target/user_diskio.o
 .debug_macro   0x00022ae6      0x3ae ./Middlewares/ST/STM32_USB_Device_Library/Class/MSC/Src/usbd_msc.o
 .debug_macro   0x00022e94       0x16 ./Middlewares/ST/STM32_USB_Device_Library/Class/MSC/Src/usbd_msc.o
 .debug_macro   0x00022eaa       0x9e ./Middlewares/ST/STM32_USB_Device_Library/Class/MSC/Src/usbd_msc.o
 .debug_macro   0x00022f48      0x112 ./Middlewares/ST/STM32_USB_Device_Library/Class/MSC/Src/usbd_msc.o
 .debug_macro   0x0002305a       0x16 ./Middlewares/ST/STM32_USB_Device_Library/Class/MSC/Src/usbd_msc.o
 .debug_macro   0x00023070       0x16 ./Middlewares/ST/STM32_USB_Device_Library/Class/MSC/Src/usbd_msc.o
 .debug_macro   0x00023086      0x215 ./Middlewares/ST/STM32_USB_Device_Library/Class/MSC/Src/usbd_msc.o
 .debug_macro   0x0002329b       0x7c ./Middlewares/ST/STM32_USB_Device_Library/Class/MSC/Src/usbd_msc.o
 .debug_macro   0x00023317      0x16c ./Middlewares/ST/STM32_USB_Device_Library/Class/MSC/Src/usbd_msc.o
 .debug_macro   0x00023483       0x3a ./Middlewares/ST/STM32_USB_Device_Library/Class/MSC/Src/usbd_msc.o
 .debug_macro   0x000234bd      0x3b6 ./Middlewares/ST/STM32_USB_Device_Library/Class/MSC/Src/usbd_msc_bot.o
 .debug_macro   0x00023873      0x357 ./Middlewares/ST/STM32_USB_Device_Library/Class/MSC/Src/usbd_msc_data.o
 .debug_macro   0x00023bca       0x2e ./Middlewares/ST/STM32_USB_Device_Library/Class/MSC/Src/usbd_msc_data.o
 .debug_macro   0x00023bf8      0x3bf ./Middlewares/ST/STM32_USB_Device_Library/Class/MSC/Src/usbd_msc_scsi.o
 .debug_macro   0x00023fb7       0x34 ./Middlewares/ST/STM32_USB_Device_Library/Class/MSC/Src/usbd_msc_scsi.o
 .debug_macro   0x00023feb      0x379 ./Middlewares/ST/STM32_USB_Device_Library/Core/Src/usbd_core.o
 .debug_macro   0x00024364      0x383 ./Middlewares/ST/STM32_USB_Device_Library/Core/Src/usbd_ctlreq.o
 .debug_macro   0x000246e7      0x37f ./Middlewares/ST/STM32_USB_Device_Library/Core/Src/usbd_ioreq.o
 .debug_macro   0x00024a66      0x34c ./Middlewares/Third_Party/FatFs/src/diskio.o
 .debug_macro   0x00024db2      0x753 ./Middlewares/Third_Party/FatFs/src/ff.o
 .debug_macro   0x00025505       0x58 ./Middlewares/Third_Party/FatFs/src/ff.o
 .debug_macro   0x0002555d      0x34c ./Middlewares/Third_Party/FatFs/src/ff_gen_drv.o
 .debug_macro   0x000258a9      0x3cb ./USB_DEVICE/App/usb_device.o
 .debug_macro   0x00025c74       0x22 ./USB_DEVICE/App/usb_device.o
 .debug_macro   0x00025c96       0x82 ./USB_DEVICE/App/usb_device.o
 .debug_macro   0x00025d18      0x172 ./USB_DEVICE/App/usb_device.o
 .debug_macro   0x00025e8a      0x3bc ./USB_DEVICE/App/usbd_desc.o
 .debug_macro   0x00026246       0x1c ./USB_DEVICE/App/usbd_desc.o
 .debug_macro   0x00026262      0x3e6 ./USB_DEVICE/App/usbd_storage_if.o
 .debug_macro   0x00026648      0x3ae ./USB_DEVICE/Target/usbd_conf.o

.debug_line     0x00000000    0x19ccc
 .debug_line    0x00000000      0xb06 ./Core/Src/main.o
 .debug_line    0x00000b06      0x5a9 ./Core/Src/ram_driver.o